Archive member included to satisfy reference by file (symbol)

g:/devkitPro/libnds/lib\libdswifi9.a(wifi_arm9.o)
                              rating.o (Wifi_ScanMode)
g:/devkitPro/libnds/lib\libdswifi9.a(sgIP_sockets.o)
                              rating.o (socket)
g:/devkitPro/libnds/lib\libdswifi9.a(sgIP_memblock.o)
                              g:/devkitPro/libnds/lib\libdswifi9.a(wifi_arm9.o) (sgIP_memblock_allocHW)
g:/devkitPro/libnds/lib\libdswifi9.a(sgIP_TCP.o)
                              g:/devkitPro/libnds/lib\libdswifi9.a(sgIP_sockets.o) (sgIP_TCP_AllocRecord)
g:/devkitPro/libnds/lib\libdswifi9.a(sgIP_Hub.o)
                              g:/devkitPro/libnds/lib\libdswifi9.a(wifi_arm9.o) (sgIP_Hub_AddHardwareInterface)
g:/devkitPro/libnds/lib\libdswifi9.a(sgIP_DNS.o)
                              g:/devkitPro/libnds/lib\libdswifi9.a(wifi_arm9.o) (sgIP_DNS_GetUnusedRecord)
g:/devkitPro/libnds/lib\libdswifi9.a(spinlock.o)
                              g:/devkitPro/libnds/lib\libdswifi9.a(wifi_arm9.o) (SLasm_Acquire)
g:/devkitPro/libnds/lib\libdswifi9.a(sgIP_DHCP.o)
                              g:/devkitPro/libnds/lib\libdswifi9.a(wifi_arm9.o) (sgIP_DHCP_Start)
g:/devkitPro/libnds/lib\libdswifi9.a(sgIP_UDP.o)
                              g:/devkitPro/libnds/lib\libdswifi9.a(sgIP_sockets.o) (sgIP_UDP_AllocRecord)
g:/devkitPro/libnds/lib\libdswifi9.a(sgIP.o)
                              g:/devkitPro/libnds/lib\libdswifi9.a(wifi_arm9.o) (sgIP_Init)
g:/devkitPro/libnds/lib\libdswifi9.a(sgIP_ARP.o)
                              g:/devkitPro/libnds/lib\libdswifi9.a(sgIP.o) (sgIP_ARP_Init)
g:/devkitPro/libnds/lib\libdswifi9.a(sgIP_IP.o)
                              g:/devkitPro/libnds/lib\libdswifi9.a(sgIP.o) (sgIP_IP_ReceivePacket)
g:/devkitPro/libnds/lib\libdswifi9.a(sgIP_ICMP.o)
                              g:/devkitPro/libnds/lib\libdswifi9.a(sgIP_IP.o) (sgIP_ICMP_ReceivePacket)
g:/devkitPro/libnds/lib\libnds9.a(keys.o)
                              basketball.o (scanKeys)
g:/devkitPro/libnds/lib\libnds9.a(sprite.o)
                              basketball.o (oamInit)
g:/devkitPro/libnds/lib\libnds9.a(keyboard.o)
                              rating.o (keyboardInit)
g:/devkitPro/libnds/lib\libnds9.a(trig.o)
                              g:/devkitPro/libnds/lib\libnds9.a(sprite.o) (sinLerp)
g:/devkitPro/libnds/lib\libnds9.a(decompress.o)
                              basketball.o (decompress)
g:/devkitPro/libnds/lib\libnds9.a(console.o)
                              rating.o (consoleInit)
g:/devkitPro/libnds/lib\libnds9.a(system.o)
                              basketball.o (powerOn)
g:/devkitPro/libnds/lib\libnds9.a(sprite_alloc.o)
                              g:/devkitPro/libnds/lib\libnds9.a(sprite.o) (oamAllocReset)
g:/devkitPro/libnds/lib\libnds9.a(touch.o)
                              basketball.o (touchRead)
g:/devkitPro/libnds/lib\libnds9.a(background.o)
                              g:/devkitPro/libnds/lib\libnds9.a(keyboard.o) (bgUpdate)
g:/devkitPro/libnds/lib\libnds9.a(initSystem.o)
                              g:/devkitpro/devkitarm/bin/../lib/gcc/arm-none-eabi/4.9.2/../../../../arm-none-eabi/lib/thumb/ds_arm9_crt0.o (initSystem)
g:/devkitPro/libnds/lib\libnds9.a(fifosystem.o)
                              g:/devkitPro/libnds/lib\libdswifi9.a(wifi_arm9.o) (fifoSetValue32Handler)
g:/devkitPro/libnds/lib\libnds9.a(syscalls.o)
                              g:/devkitPro/libnds/lib\libnds9.a(decompress.o) (swiDecompressLZSSVram)
g:/devkitPro/libnds/lib\libnds9.a(libnds_exit.arm.o)
                              g:/devkitpro/devkitarm/bin/../lib/gcc/arm-none-eabi/4.9.2/../../../../arm-none-eabi/lib/thumb/ds_arm9_crt0.o (__libnds_exit)
g:/devkitPro/libnds/lib\libnds9.a(interrupts.o)
                              g:/devkitPro/libnds/lib\libdswifi9.a(wifi_arm9.o) (irqSet)
g:/devkitPro/libnds/lib\libnds9.a(timers.o)
                              basketball.o (timerStart)
g:/devkitPro/libnds/lib\libnds9.a(dcache.o)
                              g:/devkitPro/libnds/lib\libdswifi9.a(wifi_arm9.o) (DC_FlushAll)
g:/devkitPro/libnds/lib\libnds9.a(mpu_setup.o)
                              g:/devkitpro/devkitarm/bin/../lib/gcc/arm-none-eabi/4.9.2/../../../../arm-none-eabi/lib/thumb/ds_arm9_crt0.o (__libnds_mpu_setup)
g:/devkitPro/libnds/lib\libnds9.a(swiSoftReset.o)
                              g:/devkitPro/libnds/lib\libnds9.a(fifosystem.o) (swiSoftReset)
g:/devkitPro/libnds/lib\libnds9.a(debugprint.o)
                              g:/devkitPro/libnds/lib\libnds9.a(console.o) (nocashWrite)
g:/devkitPro/libnds/lib\libnds9.a(biosCalls.o)
                              g:/devkitPro/libnds/lib\libnds9.a(system.o) (swiDelay)
g:/devkitPro/libnds/lib\libnds9.a(interruptDispatcher.o)
                              g:/devkitPro/libnds/lib\libnds9.a(interrupts.o) (IntrMain)
g:/devkitPro/libnds/lib\libnds9.a(default_font.bin.o)
[...]
Memory Configuration

Name             Origin             Length             Attributes
rom              0x08000000         0x02000000
ewram            0x02000000         0x003ff000
dtcm             0x0b000000         0x00004000
vectors          0x01000000         0x00000100
itcm             0x01000100         0x00007f00
*default*        0x00000000         0xffffffff

Linker script and memory map

                0x01000000                __vectors_start = ORIGIN (vectors)
                0x01000100                __itcm_start = ORIGIN (itcm)
                0x023ff000                __ewram_end = (ORIGIN (ewram) + 0x3ff000)
                0x023ff000                __eheap_end = (ORIGIN (ewram) + 0x3ff000)
                0x0b000000                __dtcm_start = ORIGIN (dtcm)
                0x0b004000                __dtcm_top = (ORIGIN (dtcm) + 0x4000)
                0x0b003ff8                __irq_flags = (__dtcm_top - 0x8)
                0x0b003ffc                __irq_vector = (__dtcm_top - 0x4)
                0x0b003f00                __sp_svc = (__dtcm_top - 0x100)
                0x0b003e00                __sp_irq = (__sp_svc - 0x100)
                0x0b003d00                __sp_usr = (__sp_irq - 0x100)

.init           0x02000000      0x23c
                0x02000000                __text_start = .
 *(.init)
 .init          0x02000000      0x230 g:/devkitpro/devkitarm/bin/../lib/gcc/arm-none-eabi/4.9.2/../../../../arm-none-eabi/lib/thumb/ds_arm9_crt0.o
                0x02000000                _start
 .init          0x02000230        0x4 g:/devkitpro/devkitarm/bin/../lib/gcc/arm-none-eabi/4.9.2/thumb/crti.o
                0x02000230                _init
 .init          0x02000234        0x8 g:/devkitpro/devkitarm/bin/../lib/gcc/arm-none-eabi/4.9.2/thumb/crtn.o
                0x0200023c                . = ALIGN (0x4)

.plt
 *(.plt)

.text           0x02000240    0x1fc10
 *(EXCLUDE_FILE(*.itcm*) .text)
 .text          0x02000240        0x0 g:/devkitpro/devkitarm/bin/../lib/gcc/arm-none-eabi/4.9.2/../../../../arm-none-eabi/lib/thumb/ds_arm9_crt0.o
 .text          0x02000240        0x0 g:/devkitpro/devkitarm/bin/../lib/gcc/arm-none-eabi/4.9.2/thumb/crti.o
 .text          0x02000240       0xd4 g:/devkitpro/devkitarm/bin/../lib/gcc/arm-none-eabi/4.9.2/thumb/crtbegin.o
 .text          0x02000314        0x0 Menu_screen.o
 .text          0x02000314        0x0 Menu_screen_sub.o
 .text          0x02000314        0x0 Menu_screen_two.o
 .text          0x02000314        0x0 basketball_main.o
 .text          0x02000314        0x0 basketball_sub.o
 .text          0x02000314        0x0 coulours_main.o
 .text          0x02000314        0x0 coulours_sub.o
 .text          0x02000314        0x0 football_main.o
 .text          0x02000314        0x0 football_sub.o
 .text          0x02000314        0x0 help_basketball.o
 .text          0x02000314        0x0 help_colors.o
 .text          0x02000314        0x0 help_football.o
 .text          0x02000314        0x0 help_rating.o
 .text          0x02000314      0xac4 basketball.o
                0x02000314                timerCallBack
                0x02000324                initBall
                0x02000378                initBasket
                0x020003bc                is_capture
                0x02000400                rebound_from_ring
                0x02000460                ball_vs_basket2
                0x02000500                ball_vs_net
                0x020005ac                ball_vs_basket1
                0x020006f0                is_point
                0x02000738                ballreset
                0x0200078c                basketball
 .text          0x02000dd8      0xaf0 colors.o
                0x02000dd8                timerCallBack2
                0x02000de8                initPlus0
                0x02000e48                initPlus
                0x02000e64                initColour
                0x02000ed0                initColours
                0x02000f6c                initElement
                0x02000f80                prepare_squares
                0x02000fb4                initCorrect
                0x02001030                checkSet
                0x02001110                read_color
                0x02001144                colors
 .text          0x020018c8      0x590 football.o
                0x020018c8                initBallfoot
                0x02001904                is_kick
                0x02001948                kick
                0x020019d8                ball_vs_area
                0x02001a58                football
 .text          0x02001e58       0x6c main.o
                0x02001e58                help_rat
 .text          0x02001ec4      0x81c menu.o
                0x02001ec4                is_basket
                0x02001efc                is_football
                0x02001f34                is_color
                0x02001f6c                is_rating
                0x02001fa0                is_play
                0x02001fd8                is_man
                0x02002010                initNumber
                0x02002088                initNumbers
                0x020020d8                init_border
                0x02002140                manual
                0x020021f4                menu
 .text          0x020026e0      0x5e8 rating.o
                0x020026e0                keyPressed
                0x020026f4                findAP
                0x02002814                reverse
                0x02002838                UIntegertoStr
                0x02002878                stringRequest
                0x02002988                getHttp
                0x02002a64                rating
 .text          0x02002cc8      0x254 template.o
                0x02002cc8                wait_click
                0x02002cf8                prepare_digits
                0x02002d6c                prepare_timer
                0x02002dc4                initNum0
                0x02002e3c                initNum
                0x02002e8c                is_continue
                0x02002ed4                is_back
 .text          0x02002f1c        0x0 Coulours_Sprites.o
 .text          0x02002f1c        0x0 Sprites.o
 .text          0x02002f1c        0x0 football_sprites.o
 .text          0x02002f1c        0x0 menu_sprites.o
 .text          0x02002f1c     0x1064 g:/devkitPro/libnds/lib\libdswifi9.a(wifi_arm9.o)
                0x02002f1c                Wifi_Interface_Init
                0x02002f68                arm9_synctoarm7
                0x02002f74                sgIP_IntrWaitEvent
                0x02002f76                wHeapAllocInit
                0x02002fa0                wHeapAlloc
                0x02003040                wHeapFree
                0x0200305c                sgIP_malloc
                0x02003064                sgIP_free
                0x0200306c                ethhdr_print
                0x0200306e                erasemem
                0x02003082                Wifi_CopyMacAddr
                0x02003090                Wifi_CmpMacAddr
                0x020030b2                Wifi_TxBufferWordsAvailable
                0x020030d8                Wifi_TxBufferWrite
                0x02003124                Wifi_TransmitFunction
                0x02003330                Wifi_RxRawReadPacket
                0x02003398                Wifi_RxReadOffset
                0x020033c4                Wifi_RawTxFrame
                0x02003484                Wifi_RawSetPacketHandler
                0x02003490                Wifi_SetSyncHandler
                0x0200349c                Wifi_DisableWifi
                0x020034b4                Wifi_EnableWifi
                0x020034c8                Wifi_SetPromiscuousMode
                0x020034e4                Wifi_ScanMode
                0x020034fc                Wifi_SetChannel
                0x02003520                Wifi_GetNumAP
                0x02003548                Wifi_GetAPData
                0x020035dc                Wifi_FindMatchingAP
                0x0200369a                Wifi_AutoConnect
                0x020036c0                Wifi_DisconnectAP
                0x020036e4                Wifi_ConnectAP
                0x020037e8                Wifi_Init
                0x02003864                Wifi_CheckInit
                0x02003884                Wifi_Update
                0x02003abc                Wifi_Timer
                0x02003acc                Timer_50ms
                0x02003ad6                Wifi_GetIP
                0x02003ae8                Wifi_GetIPInfo
                0x02003b20                Wifi_SetIP
                0x02003b44                Wifi_AssocStatus
                0x02003e48                Wifi_SetDHCP
                0x02003e4a                Wifi_GetData
                0x02003ea8                Wifi_GetStats
                0x02003ec8                Wifi_Sync
                0x02003ee4                wifiValue32Handler
                0x02003ef0                Wifi_InitDefault
 .text          0x02003f80      0xba4 g:/devkitPro/libnds/lib\libdswifi9.a(sgIP_sockets.o)
                0x02003f80                sgIP_sockets_Init
                0x02003fa0                spawn_socket
                0x02003ff4                kill_socket
                0x02004028                socket
                0x020040b8                forceclosesocket
                0x02004114                sgIP_sockets_Timer1000ms
                0x02004164                bind
                0x020041c4                connect
                0x02004278                send
                0x02004310                recv
                0x020043a8                sendto
                0x02004420                recvfrom
                0x020044d0                listen
                0x02004530                accept
                0x02004610                shutdown
                0x0200466c                closesocket
                0x02004704                ioctl
                0x020047b8                setsockopt
                0x020047bc                getsockopt
                0x020047c0                getpeername
                0x0200484c                getsockname
                0x020048e0                gethostbyname
                0x020048e8                select
 .text          0x02004b24      0x208 g:/devkitPro/libnds/lib\libdswifi9.a(sgIP_memblock.o)
                0x02004b24                sgIP_memblock_Init
                0x02004b26                sgIP_memblock_allocHW
                0x02004b4a                sgIP_memblock_alloc
                0x02004b56                sgIP_memblock_free
                0x02004b80                sgIP_memblock_exposeheader
                0x02004ba6                sgIP_memblock_trimsize
                0x02004bd6                sgIP_memblock_IPChecksum
                0x02004c70                sgIP_memblock_CopyToLinear
                0x02004ccc                sgIP_memblock_CopyFromLinear
                0x02004d28                sgIP_memblock_CopyBlock
 .text          0x02004d2c      0xf08 g:/devkitPro/libnds/lib\libdswifi9.a(sgIP_TCP.o)
                0x02004d2c                sgIP_TCP_Init
                0x02004d60                sgIP_TCP_support_seqhash
                0x02004db0                sgIP_TCP_GetUnusedOutgoingPort
                0x02004e10                sgIP_TCP_CalcChecksum
                0x02004e68                sgIP_TCP_GenHeader
                0x02004f10                sgIP_TCP_FixChecksum
                0x02004f6c                sgIP_TCP_SendPacket
                0x0200502c                sgIP_TCP_SendSynReply
                0x020050cc                sgIP_TCP_Timer
                0x02005280                sgIP_TCP_AllocRecord
                0x020052c8                sgIP_TCP_ReceivePacket
                0x020057f0                sgIP_TCP_FreeRecord
                0x020058b8                sgIP_TCP_Bind
                0x020058e0                sgIP_TCP_Listen
                0x02005934                sgIP_TCP_Accept
                0x020059b4                sgIP_TCP_Close
                0x020059e4                sgIP_TCP_Connect
                0x02005a60                sgIP_TCP_Send
                0x02005b50                sgIP_TCP_Recv
 .text          0x02005c34      0x1e0 g:/devkitPro/libnds/lib\libdswifi9.a(sgIP_Hub.o)
                0x02005c34                sgIP_Hub_Init
                0x02005c48                sgIP_Hub_AddProtocolInterface
                0x02005c88                sgIP_Hub_AddHardwareInterface
                0x02005cc4                sgIP_Hub_RemoveProtocolInterface
                0x02005ce0                sgIP_Hub_RemoveHardwareInterface
                0x02005cfc                sgIP_Hub_ReceiveHardwarePacket
                0x02005d54                sgIP_Hub_SendProtocolPacket
                0x02005d98                sgIP_Hub_SendRawPacket
                0x02005dbc                sgIP_Hub_IPMaxMessageSize
                0x02005dc4                sgIP_Hub_GetCompatibleIP
                0x02005dd8                sgIP_Hub_GetDefaultInterface
                0x02005dec                htons
                0x02005df8                htonl
 .text          0x02005e14      0x8fc g:/devkitPro/libnds/lib\libdswifi9.a(sgIP_DNS.o)
                0x02005e84                sgIP_DNS_Init
                0x02005ec4                sgIP_DNS_Timer1000ms
                0x02005f14                sgIP_DNS_isipaddress
                0x020060b0                sgIP_DNS_FindDNSRecord
                0x02006188                sgIP_DNS_GetUnusedRecord
                0x02006220                sgIP_DNS_GenerateHostent
                0x020062d0                sgIP_DNS_CopyAliasAt
                0x02006328                sgIP_DNS_gethostbyname
                0x020066d4                inet_addr
                0x020066ea                inet_aton
                0x02006700                inet_ntoa
 .text          0x02006710       0x5c g:/devkitPro/libnds/lib\libdswifi9.a(spinlock.o)
                0x02006710                SLasm_Acquire
                0x02006744                SLasm_Release
 .text          0x0200676c      0x7f4 g:/devkitPro/libnds/lib\libdswifi9.a(sgIP_DHCP.o)
                0x0200676c                sgIP_DHCP_Init
                0x020067ac                sgIP_DHCP_SetHostName
                0x020067c8                sgIP_DHCP_IsDhcpIp
                0x020067d8                sgIP_DHCP_SendDgram
                0x02006848                sgIP_DHCP_BeginDgram
                0x02006a24                sgIP_DHCP_Terminate
                0x02006a5c                sgIP_DHCP_Start
                0x02006b1c                sgIP_DHCP_Release
                0x02006b50                sgIP_DHCP_Update
                0x02006ec8                gethostname
                0x02006efc                sethostname
 .text          0x02006f60      0x3c4 g:/devkitPro/libnds/lib\libdswifi9.a(sgIP_UDP.o)
                0x02006f60                sgIP_UDP_Init
                0x02006f7c                sgIP_UDP_GetUnusedOutgoingPort
                0x02006fd0                sgIP_UDP_CalcChecksum
                0x02007038                sgIP_UDP_ReceivePacket
                0x020070d4                sgIP_UDP_SendPacket
                0x0200719c                sgIP_UDP_AllocRecord
                0x020071d4                sgIP_UDP_FreeRecord
                0x02007220                sgIP_UDP_Bind
                0x02007258                sgIP_UDP_RecvFrom
                0x02007314                sgIP_UDP_SendTo
 .text          0x02007324       0xa8 g:/devkitPro/libnds/lib\libdswifi9.a(sgIP.o)
                0x02007324                sgIP_Init
                0x02007360                sgIP_Timer
 .text          0x020073cc      0x564 g:/devkitPro/libnds/lib\libdswifi9.a(sgIP_ARP.o)
                0x020073cc                sgIP_FindArpSlot
                0x02007400                sgIP_GetArpSlot
                0x0200744c                sgIP_is_broadcast_address
                0x0200745a                sgIP_ARP_Check_isok
                0x0200745e                sgIP_ARP_Init
                0x02007480                sgIP_ARP_FlushInterface
                0x020074ac                sgIP_ARP_ProcessIPFrame
                0x020074b0                sgIP_ARP_SendARPResponse
                0x0200757c                sgIP_ARP_SendGratARP
                0x0200764c                sgIP_ARP_SendARPRequest
                0x02007714                sgIP_ARP_Timer100ms
                0x0200776c                sgIP_ARP_SendProtocolFrame
                0x0200785c                sgIP_ARP_ProcessARPFrame
 .text          0x02007930      0x128 g:/devkitPro/libnds/lib\libdswifi9.a(sgIP_IP.o)
                0x02007930                sgIP_IP_ReceivePacket
                0x020079c8                sgIP_IP_MaxContentsSize
                0x020079d2                sgIP_IP_RequiredHeaderSize
                0x020079d6                sgIP_IP_SendViaIP
                0x02007a48                sgIP_IP_GetLocalBindAddr
 .text          0x02007a58       0x64 g:/devkitPro/libnds/lib\libdswifi9.a(sgIP_ICMP.o)
                0x02007a58                sgIP_ICMP_Init
                0x02007a5a                sgIP_ICMP_ReceivePacket
 .text          0x02007abc       0xf4 g:/devkitPro/libnds/lib\libnds9.a(keys.o)
                0x02007abc                scanKeys
                0x02007b28                keysHeld
                0x02007b34                keysDown
                0x02007b44                keysDownRepeat
                0x02007b54                keysSetRepeat
                0x02007b6c                keysUp
                0x02007b7c                keysCurrent
 .text          0x02007bb0      0x3fc g:/devkitPro/libnds/lib\libnds9.a(sprite.o)
                0x02007bb0                oamInit
                0x02007ccc                oamDisable
                0x02007cf8                oamEnable
                0x02007d18                oamGetGfxPtr
                0x02007d50                oamClear
                0x02007d78                oamGfxPtrToOffset
                0x02007da8                oamSet
                0x02007efc                oamUpdate
                0x02007f5c                oamRotateScale
 .text          0x02007fac      0x7c8 g:/devkitPro/libnds/lib\libnds9.a(keyboard.o)
                0x02007fac                keyboardGetKey
                0x02008000                keyboardShiftState
                0x0200809c                swapKeyGfx
                0x020081e0                keyboardUpdate
                0x020082ec                keyboardGetDefault
                0x020082f8                keyboardInit
                0x020084e4                keyboardDemoInit
                0x02008510                keyboardShow
                0x020085fc                keyboardHide
                0x02008680                keyboardRead
                0x0200871c                keyboardGetChar
                0x0200874c                keyboardGetString
 .text          0x02008774      0x244 g:/devkitPro/libnds/lib\libnds9.a(trig.o)
                0x02008774                asinComp
                0x02008798                sinLutLookup
                0x020087d0                sinLerp
                0x0200880c                cosLerp
                0x02008820                tanLutLookup
                0x02008858                tanLerp
                0x02008900                asinLerp
                0x0200897c                acosLerp
                0x02008990                atanComp
 .text          0x020089b8       0x84 g:/devkitPro/libnds/lib\libnds9.a(decompress.o)
                0x020089b8                getHeader
                0x020089bc                readByte
                0x020089c0                decompress
                0x02008a00                decompressStream
 .text          0x02008a3c      0xa54 g:/devkitPro/libnds/lib\libnds9.a(console.o)
                0x02008ae8                nocash_write
                0x02008af8                consoleGetDefault
                0x02008b04                consoleSelect
                0x02008b14                consoleDebugInit
                0x02008b64                consolePrintChar
                0x02008d48                consoleLoadFont
                0x02008fd4                consoleSetFont
                0x02008ff4                consoleInit
                0x0200915c                consoleDemoInit
                0x020091a0                con_write
                0x02009460                consoleClear
                0x02009470                consoleSetWindow
 .text          0x02009490      0x134 g:/devkitPro/libnds/lib\libnds9.a(system.o)
                0x02009490                setSDcallback
                0x0200949c                systemMsgHandler
                0x020094ec                systemSleep
                0x02009504                systemValueHandler
                0x02009540                powerOn
                0x0200956c                powerOff
                0x02009594                ledBlink
                0x020095a4                getBatteryLevel
 .text          0x020095c4      0x45c g:/devkitPro/libnds/lib\libnds9.a(sprite_alloc.o)
                0x020095f4                oamAllocReset
                0x02009610                oamAllocateGfx
                0x02009840                oamFreeGfx
                0x020099d0                oamCountFragments
 .text          0x02009a20       0x48 g:/devkitPro/libnds/lib\libnds9.a(touch.o)
                0x02009a20                touchRead
                0x02009a44                touchReadXY
 .text          0x02009a68      0x350 g:/devkitPro/libnds/lib\libnds9.a(background.o)
                0x02009a68                bgIsText
                0x02009a74                checkIfText
                0x02009acc                bgUpdate
                0x02009bc0                bgInit_call
                0x02009cb0                bgInitSub_call
 .text          0x02009db8      0x14c g:/devkitPro/libnds/lib\libnds9.a(initSystem.o)
                0x02009db8                initSystem
 .text          0x02009f04      0xcb8 g:/devkitPro/libnds/lib\libnds9.a(fifosystem.o)
                0x0200a1c8                fifoSetValue32Handler
                0x0200a23c                fifoSendAddress
                0x0200a268                fifoSendValue32
                0x0200a2a4                fifoSendDatamsg
                0x0200a318                fifoGetAddress
                0x0200a384                fifoSetAddressHandler
                0x0200a3f8                fifoGetValue32
                0x0200a40c                fifoGetDatamsg
                0x0200a8c0                fifoSetDatamsgHandler
                0x0200a954                fifoCheckAddress
                0x0200a978                fifoCheckDatamsg
                0x0200a99c                fifoCheckDatamsgLength
                0x0200a9cc                fifoCheckValue32
                0x0200a9f0                fifoInit
 .text          0x0200abbc       0x1c g:/devkitPro/libnds/lib\libnds9.a(syscalls.o)
                0x0200abbc                swiDecompressLZSSVram
 .text          0x0200abd8       0x5c g:/devkitPro/libnds/lib\libnds9.a(libnds_exit.arm.o)
                0x0200abd8                systemErrorExit
                0x0200abdc                __libnds_exit
 .text          0x0200ac34      0x1ec g:/devkitPro/libnds/lib\libnds9.a(interrupts.o)
                0x0200ac34                irqDummy
                0x0200ac38                irqSet
                0x0200aca4                irqInit
                0x0200acf0                irqInitHandler
                0x0200ad20                irqEnable
                0x0200ad84                irqDisable
                0x0200ade8                irqClear
 .text          0x0200ae20      0x1b4 g:/devkitPro/libnds/lib\libnds9.a(timers.o)
                0x0200ae20                timerStart
                0x0200ae68                timerElapsed
                0x0200ae98                timerPause
                0x0200aed8                timerStop
                0x0200af14                cpuStartTiming
                0x0200af50                cpuGetTiming
                0x0200af8c                cpuEndTiming
 .text          0x0200afd4       0x88 g:/devkitPro/libnds/lib\libnds9.a(dcache.o)
                0x0200afd4                DC_FlushAll
                0x0200b000                DC_FlushRange
                0x0200b024                DC_InvalidateAll
                0x0200b030                DC_InvalidateRange
 .text          0x0200b05c      0x1b4 g:/devkitPro/libnds/lib\libnds9.a(mpu_setup.o)
                0x0200b05c                __libnds_mpu_setup
                0x0200b19c                memCached
                0x0200b1b4                memUncached
 .text          0x0200b210       0x30 g:/devkitPro/libnds/lib\libnds9.a(swiSoftReset.o)
                0x0200b210                swiSoftReset
 .text          0x0200b240       0xa4 g:/devkitPro/libnds/lib\libnds9.a(debugprint.o)
                0x0200b240                nocashWrite
                0x0200b242                nocashMessage
 *fill*         0x0200b2e4        0xc ff
 .text          0x0200b2f0       0x70 g:/devkitPro/libnds/lib\libnds9.a(biosCalls.o)
                0x0200b2f0                swiDelay
                0x0200b2f4                swiIntrWait
                0x0200b2f8                swiWaitForVBlank
                0x0200b2fc                swiSleep
                0x0200b300                swiChangeSoundBias
                0x0200b304                swiDivide
                0x0200b308                swiRemainder
                0x0200b30e                swiDivMod
                0x0200b31a                swiCopy
                0x0200b31e                swiFastCopy
                0x0200b322                swiSqrt
                0x0200b326                swiCRC16
                0x0200b32a                swiIsDebugger
                0x0200b32e                swiUnpackBits
                0x0200b332                swiDecompressLZSSWram
                0x0200b336                swiDecompressLZSSVramNTR
                0x0200b33a                swiDecompressLZSSVramTWL
                0x0200b33e                swiDecompressHuffman
                0x0200b342                swiDecompressRLEWram
                0x0200b346                swiDecompressRLEVram
                0x0200b34a                swiWaitForIRQ
                0x0200b34e                swiDecodeDelta8
                0x0200b352                swiDecodeDelta16
                0x0200b356                swiSetHaltCR
 .text          0x0200b360        0x0 g:/devkitPro/libnds/lib\libnds9.a(interruptDispatcher.o)
 .text          0x0200b360        0x0 g:/devkitPro/libnds/lib\libnds9.a(default_font.bin.o)
 .text          0x0200b360        0x0 g:/devkitPro/libnds/lib\libnds9.a(keyboardGfx.o)
 .text          0x0200b360      0x1f8 g:/devkitPro/libnds/lib\libnds9.a(video.o)
                0x0200b360                vramSetPrimaryBanks
                0x0200b3a4                vramSetMainBanks
                0x0200b3e8                vramSetBanks_EFG
                0x0200b420                vramRestorePrimaryBanks
                0x0200b42c                vramRestoreMainBanks
                0x0200b438                vramRestoreBanks_EFG
                0x0200b444                setBrightness
                0x0200b484                vramDefault
 .text          0x0200b558       0x24 g:/devkitPro/libnds/lib\libnds9.a(timeSupport.o)
                0x0200b558                __libnds_gtod
 .text          0x0200b57c       0x14 g:/devkitpro/devkitarm/bin/../lib/gcc/arm-none-eabi/4.9.2/thumb\libgcc.a(_thumb1_case_uqi.o)
                0x0200b57c                __gnu_thumb1_case_uqi
 .text          0x0200b590       0x14 g:/devkitpro/devkitarm/bin/../lib/gcc/arm-none-eabi/4.9.2/thumb\libgcc.a(_thumb1_case_uhi.o)
                0x0200b590                __gnu_thumb1_case_uhi
 .text          0x0200b5a4      0x11c g:/devkitpro/devkitarm/bin/../lib/gcc/arm-none-eabi/4.9.2/thumb\libgcc.a(_udivsi3.o)
                0x0200b5a4                __aeabi_uidiv
                0x0200b5a4                __udivsi3
                0x0200b6a0                __aeabi_uidivmod
 .text          0x0200b6c0      0x150 g:/devkitpro/devkitarm/bin/../lib/gcc/arm-none-eabi/4.9.2/thumb\libgcc.a(_divsi3.o)
                0x0200b6c0                __divsi3
                0x0200b6c0                __aeabi_idiv
                0x0200b7f0                __aeabi_idivmod
 .text          0x0200b810        0x4 g:/devkitpro/devkitarm/bin/../lib/gcc/arm-none-eabi/4.9.2/thumb\libgcc.a(_dvmd_tls.o)
                0x0200b810                __aeabi_idiv0
                0x0200b810                __aeabi_ldiv0
 .text          0x0200b814      0x41c g:/devkitpro/devkitarm/bin/../lib/gcc/arm-none-eabi/4.9.2/thumb\libgcc.a(_arm_addsubdf3.o)
                0x0200b814                __aeabi_drsub
                0x0200b81c                __aeabi_dsub
                0x0200b81c                __subdf3
                0x0200b820                __aeabi_dadd
                0x0200b820                __adddf3
                0x0200bb30                __floatunsidf
                0x0200bb30                __aeabi_ui2d
                0x0200bb54                __floatsidf
                0x0200bb54                __aeabi_i2d
                0x0200bb7c                __aeabi_f2d
                0x0200bb7c                __extendsfdf2
                0x0200bbbc                __floatundidf
                0x0200bbbc                __aeabi_ul2d
                0x0200bbd0                __floatdidf
                0x0200bbd0                __aeabi_l2d
 .text          0x0200bc30       0x5c g:/devkitpro/devkitarm/bin/../lib/gcc/arm-none-eabi/4.9.2/thumb\libgcc.a(_arm_fixdfsi.o)
                0x0200bc30                __aeabi_d2iz
                0x0200bc30                __fixdfsi
 .text          0x0200bc8c        0x0 g:/devkitpro/devkitarm/bin/../lib/gcc/arm-none-eabi/4.9.2/../../../../arm-none-eabi/lib/thumb\libg.a(lib_a-bsearch.o)
 .text          0x0200bc8c        0x0 g:/devkitpro/devkitarm/bin/../lib/gcc/arm-none-eabi/4.9.2/../../../../arm-none-eabi/lib/thumb\libg.a(lib_a-errno.o)
 .text          0x0200bc8c        0x0 g:/devkitpro/devkitarm/bin/../lib/gcc/arm-none-eabi/4.9.2/../../../../arm-none-eabi/lib/thumb\libg.a(lib_a-init.o)
 .text          0x0200bc8c        0x0 g:/devkitpro/devkitarm/bin/../lib/gcc/arm-none-eabi/4.9.2/../../../../arm-none-eabi/lib/thumb\libg.a(lib_a-iprintf.o)
 .text          0x0200bc8c        0x0 g:/devkitpro/devkitarm/bin/../lib/gcc/arm-none-eabi/4.9.2/../../../../arm-none-eabi/lib/thumb\libg.a(lib_a-malloc.o)
 .text          0x0200bc8c        0x0 g:/devkitpro/devkitarm/bin/../lib/gcc/arm-none-eabi/4.9.2/../../../../arm-none-eabi/lib/thumb\libg.a(lib_a-mallocr.o)
 .text          0x0200bc8c        0x0 g:/devkitpro/devkitarm/bin/../lib/gcc/arm-none-eabi/4.9.2/../../../../arm-none-eabi/lib/thumb\libg.a(lib_a-memcpy.o)
 .text          0x0200bc8c        0x0 g:/devkitpro/devkitarm/bin/../lib/gcc/arm-none-eabi/4.9.2/../../../../arm-none-eabi/lib/thumb\libg.a(lib_a-memset.o)
 .text          0x0200bc8c        0x0 g:/devkitpro/devkitarm/bin/../lib/gcc/arm-none-eabi/4.9.2/../../../../arm-none-eabi/lib/thumb\libg.a(lib_a-mlock.o)
 .text          0x0200bc8c        0x0 g:/devkitpro/devkitarm/bin/../lib/gcc/arm-none-eabi/4.9.2/../../../../arm-none-eabi/lib/thumb\libg.a(lib_a-rand.o)
 .text          0x0200bc8c        0x0 g:/devkitpro/devkitarm/bin/../lib/gcc/arm-none-eabi/4.9.2/../../../../arm-none-eabi/lib/thumb\libg.a(lib_a-realloc.o)
 .text          0x0200bc8c        0x0 g:/devkitpro/devkitarm/bin/../lib/gcc/arm-none-eabi/4.9.2/../../../../arm-none-eabi/lib/thumb\libg.a(lib_a-reallocr.o)
 .text          0x0200bc8c        0x0 g:/devkitpro/devkitarm/bin/../lib/gcc/arm-none-eabi/4.9.2/../../../../arm-none-eabi/lib/thumb\libg.a(lib_a-scanf.o)
 .text          0x0200bc8c        0x0 g:/devkitpro/devkitarm/bin/../lib/gcc/arm-none-eabi/4.9.2/../../../../arm-none-eabi/lib/thumb\libg.a(lib_a-setvbuf.o)
 .text          0x0200bc8c        0x0 g:/devkitpro/devkitarm/bin/../lib/gcc/arm-none-eabi/4.9.2/../../../../arm-none-eabi/lib/thumb\libg.a(lib_a-siscanf.o)
 .text          0x0200bc8c        0x0 g:/devkitpro/devkitarm/bin/../lib/gcc/arm-none-eabi/4.9.2/../../../../arm-none-eabi/lib/thumb\libg.a(lib_a-stdio.o)
 .text          0x0200bc8c        0x0 g:/devkitpro/devkitarm/bin/../lib/gcc/arm-none-eabi/4.9.2/../../../../arm-none-eabi/lib/thumb\libg.a(lib_a-strcpy.o)
 .text          0x0200bc8c        0x0 g:/devkitpro/devkitarm/bin/../lib/gcc/arm-none-eabi/4.9.2/../../../../arm-none-eabi/lib/thumb\libg.a(lib_a-strlen.o)
 .text          0x0200bc8c        0x0 g:/devkitpro/devkitarm/bin/../lib/gcc/arm-none-eabi/4.9.2/../../../../arm-none-eabi/lib/thumb\libg.a(lib_a-strncpy.o)
 .text          0x0200bc8c        0x0 g:/devkitpro/devkitarm/bin/../lib/gcc/arm-none-eabi/4.9.2/../../../../arm-none-eabi/lib/thumb\libg.a(lib_a-svfiscanf.o)
 .text          0x0200bc8c        0x0 g:/devkitpro/devkitarm/bin/../lib/gcc/arm-none-eabi/4.9.2/../../../../arm-none-eabi/lib/thumb\libg.a(lib_a-time.o)
 .text          0x0200bc8c        0x0 g:/devkitpro/devkitarm/bin/../lib/gcc/arm-none-eabi/4.9.2/../../../../arm-none-eabi/lib/thumb\libg.a(lib_a-ungetc.o)
 .text          0x0200bc8c        0x0 g:/devkitpro/devkitarm/bin/../lib/gcc/arm-none-eabi/4.9.2/../../../../arm-none-eabi/lib/thumb\libg.a(lib_a-vfiprintf.o)
 .text          0x0200bc8c        0x0 g:/devkitpro/devkitarm/bin/../lib/gcc/arm-none-eabi/4.9.2/../../../../arm-none-eabi/lib/thumb\libg.a(lib_a-vfscanf.o)
 .text          0x0200bc8c        0x0 g:/devkitpro/devkitarm/bin/../lib/gcc/arm-none-eabi/4.9.2/../../../../arm-none-eabi/lib/thumb\libg.a(lib_a-wcrtomb.o)
 .text          0x0200bc8c        0x0 g:/devkitpro/devkitarm/bin/../lib/gcc/arm-none-eabi/4.9.2/../../../../arm-none-eabi/lib/thumb\libg.a(lib_a-wcsrtombs.o)
 .text          0x0200bc8c        0x0 g:/devkitpro/devkitarm/bin/../lib/gcc/arm-none-eabi/4.9.2/../../../../arm-none-eabi/lib/thumb\libg.a(lib_a-wctomb_r.o)
 .text          0x0200bc8c        0x0 g:/devkitpro/devkitarm/bin/../lib/gcc/arm-none-eabi/4.9.2/../../../../arm-none-eabi/lib/thumb\libg.a(lib_a-wsetup.o)
 .text          0x0200bc8c        0x0 g:/devkitpro/devkitarm/bin/../lib/gcc/arm-none-eabi/4.9.2/../../../../arm-none-eabi/lib/thumb\libg.a(lib_a-ctype_.o)
 .text          0x0200bc8c        0x0 g:/devkitpro/devkitarm/bin/../lib/gcc/arm-none-eabi/4.9.2/../../../../arm-none-eabi/lib/thumb\libg.a(lib_a-fflush.o)
 .text          0x0200bc8c        0x0 g:/devkitpro/devkitarm/bin/../lib/gcc/arm-none-eabi/4.9.2/../../../../arm-none-eabi/lib/thumb\libg.a(lib_a-findfp.o)
 .text          0x0200bc8c        0x0 g:/devkitpro/devkitarm/bin/../lib/gcc/arm-none-eabi/4.9.2/../../../../arm-none-eabi/lib/thumb\libg.a(lib_a-fputwc.o)
 .text          0x0200bc8c        0x0 g:/devkitpro/devkitarm/bin/../lib/gcc/arm-none-eabi/4.9.2/../../../../arm-none-eabi/lib/thumb\libg.a(lib_a-fread.o)
 .text          0x0200bc8c        0x0 g:/devkitpro/devkitarm/bin/../lib/gcc/arm-none-eabi/4.9.2/../../../../arm-none-eabi/lib/thumb\libg.a(lib_a-freer.o)
 .text          0x0200bc8c        0x0 g:/devkitpro/devkitarm/bin/../lib/gcc/arm-none-eabi/4.9.2/../../../../arm-none-eabi/lib/thumb\libg.a(lib_a-fvwrite.o)
 .text          0x0200bc8c        0x0 g:/devkitpro/devkitarm/bin/../lib/gcc/arm-none-eabi/4.9.2/../../../../arm-none-eabi/lib/thumb\libg.a(lib_a-fwalk.o)
 .text          0x0200bc8c        0x0 g:/devkitpro/devkitarm/bin/../lib/gcc/arm-none-eabi/4.9.2/../../../../arm-none-eabi/lib/thumb\libg.a(lib_a-impure.o)
 .text          0x0200bc8c        0x0 g:/devkitpro/devkitarm/bin/../lib/gcc/arm-none-eabi/4.9.2/../../../../arm-none-eabi/lib/thumb\libg.a(lib_a-iswspace.o)
 .text          0x0200bc8c        0x0 g:/devkitpro/devkitarm/bin/../lib/gcc/arm-none-eabi/4.9.2/../../../../arm-none-eabi/lib/thumb\libg.a(lib_a-jp2uc.o)
 .text          0x0200bc8c        0x0 g:/devkitpro/devkitarm/bin/../lib/gcc/arm-none-eabi/4.9.2/../../../../arm-none-eabi/lib/thumb\libg.a(lib_a-locale.o)
 .text          0x0200bc8c        0x0 g:/devkitpro/devkitarm/bin/../lib/gcc/arm-none-eabi/4.9.2/../../../../arm-none-eabi/lib/thumb\libg.a(lib_a-makebuf.o)
 .text          0x0200bc8c        0x0 g:/devkitpro/devkitarm/bin/../lib/gcc/arm-none-eabi/4.9.2/../../../../arm-none-eabi/lib/thumb\libg.a(lib_a-mbrtowc.o)
 .text          0x0200bc8c        0x0 g:/devkitpro/devkitarm/bin/../lib/gcc/arm-none-eabi/4.9.2/../../../../arm-none-eabi/lib/thumb\libg.a(lib_a-mbtowc_r.o)
 .text          0x0200bc8c        0x0 g:/devkitpro/devkitarm/bin/../lib/gcc/arm-none-eabi/4.9.2/../../../../arm-none-eabi/lib/thumb\libg.a(lib_a-memchr.o)
 .text          0x0200bc8c        0x0 g:/devkitpro/devkitarm/bin/../lib/gcc/arm-none-eabi/4.9.2/../../../../arm-none-eabi/lib/thumb\libg.a(lib_a-memmove.o)
 .text          0x0200bc8c        0x0 g:/devkitpro/devkitarm/bin/../lib/gcc/arm-none-eabi/4.9.2/../../../../arm-none-eabi/lib/thumb\libg.a(lib_a-refill.o)
 .text          0x0200bc8c        0x0 g:/devkitpro/devkitarm/bin/../lib/gcc/arm-none-eabi/4.9.2/../../../../arm-none-eabi/lib/thumb\libg.a(lib_a-sccl.o)
 .text          0x0200bc8c        0x0 g:/devkitpro/devkitarm/bin/../lib/gcc/arm-none-eabi/4.9.2/../../../../arm-none-eabi/lib/thumb\libg.a(lib_a-sf_nan.o)
 .text          0x0200bc8c        0x0 g:/devkitpro/devkitarm/bin/../lib/gcc/arm-none-eabi/4.9.2/../../../../arm-none-eabi/lib/thumb\libg.a(lib_a-s_fpclassify.o)
 .text          0x0200bc8c        0x0 g:/devkitpro/devkitarm/bin/../lib/gcc/arm-none-eabi/4.9.2/../../../../arm-none-eabi/lib/thumb\libg.a(lib_a-sprintf.o)
 .text          0x0200bc8c        0x0 g:/devkitpro/devkitarm/bin/../lib/gcc/arm-none-eabi/4.9.2/../../../../arm-none-eabi/lib/thumb\libg.a(lib_a-stpncpy.o)
 .text          0x0200bc8c        0x0 g:/devkitpro/devkitarm/bin/../lib/gcc/arm-none-eabi/4.9.2/../../../../arm-none-eabi/lib/thumb\libg.a(lib_a-strcasecmp.o)
 .text          0x0200bc8c        0x0 g:/devkitpro/devkitarm/bin/../lib/gcc/arm-none-eabi/4.9.2/../../../../arm-none-eabi/lib/thumb\libg.a(lib_a-strcat.o)
 .text          0x0200bc8c        0x0 g:/devkitpro/devkitarm/bin/../lib/gcc/arm-none-eabi/4.9.2/../../../../arm-none-eabi/lib/thumb\libg.a(lib_a-strchr.o)
 .text          0x0200bc8c      0x224 g:/devkitpro/devkitarm/bin/../lib/gcc/arm-none-eabi/4.9.2/../../../../arm-none-eabi/lib/thumb\libg.a(lib_a-strcmp.o)
                0x0200bc8c                strcmp
 .text          0x0200beb0        0x0 g:/devkitpro/devkitarm/bin/../lib/gcc/arm-none-eabi/4.9.2/../../../../arm-none-eabi/lib/thumb\libg.a(lib_a-strlcpy.o)
 .text          0x0200beb0        0x0 g:/devkitpro/devkitarm/bin/../lib/gcc/arm-none-eabi/4.9.2/../../../../arm-none-eabi/lib/thumb\libg.a(lib_a-strncasecmp.o)
 .text          0x0200beb0        0x0 g:/devkitpro/devkitarm/bin/../lib/gcc/arm-none-eabi/4.9.2/../../../../arm-none-eabi/lib/thumb\libg.a(lib_a-strncmp.o)
 .text          0x0200beb0        0x0 g:/devkitpro/devkitarm/bin/../lib/gcc/arm-none-eabi/4.9.2/../../../../arm-none-eabi/lib/thumb\libg.a(lib_a-strtod.o)
 .text          0x0200beb0        0x0 g:/devkitpro/devkitarm/bin/../lib/gcc/arm-none-eabi/4.9.2/../../../../arm-none-eabi/lib/thumb\libg.a(lib_a-strtoll_r.o)
 .text          0x0200beb0        0x0 g:/devkitpro/devkitarm/bin/../lib/gcc/arm-none-eabi/4.9.2/../../../../arm-none-eabi/lib/thumb\libg.a(lib_a-strtol.o)
 .text          0x0200beb0        0x0 g:/devkitpro/devkitarm/bin/../lib/gcc/arm-none-eabi/4.9.2/../../../../arm-none-eabi/lib/thumb\libg.a(lib_a-strtoull_r.o)
 .text          0x0200beb0        0x0 g:/devkitpro/devkitarm/bin/../lib/gcc/arm-none-eabi/4.9.2/../../../../arm-none-eabi/lib/thumb\libg.a(lib_a-strtoul.o)
 .text          0x0200beb0        0x0 g:/devkitpro/devkitarm/bin/../lib/gcc/arm-none-eabi/4.9.2/../../../../arm-none-eabi/lib/thumb\libg.a(lib_a-svfiprintf.o)
 .text          0x0200beb0        0x0 g:/devkitpro/devkitarm/bin/../lib/gcc/arm-none-eabi/4.9.2/../../../../arm-none-eabi/lib/thumb\libg.a(lib_a-svfprintf.o)
 .text          0x0200beb0        0x0 g:/devkitpro/devkitarm/bin/../lib/gcc/arm-none-eabi/4.9.2/../../../../arm-none-eabi/lib/thumb\libg.a(lib_a-wbuf.o)
 .text          0x0200beb0        0x0 g:/devkitpro/devkitarm/bin/../lib/gcc/arm-none-eabi/4.9.2/../../../../arm-none-eabi/lib/thumb\libg.a(lib_a-wcsnrtombs.o)
 .text          0x0200beb0        0x0 g:/devkitpro/devkitarm/bin/../lib/gcc/arm-none-eabi/4.9.2/../../../../arm-none-eabi/lib/thumb\libg.a(lib_a-dtoa.o)
 .text          0x0200beb0        0x0 g:/devkitpro/devkitarm/bin/../lib/gcc/arm-none-eabi/4.9.2/../../../../arm-none-eabi/lib/thumb\libg.a(lib_a-fclose.o)
 .text          0x0200beb0        0x0 g:/devkitpro/devkitarm/bin/../lib/gcc/arm-none-eabi/4.9.2/../../../../arm-none-eabi/lib/thumb\libg.a(lib_a-gdtoa-gethex.o)
 .text          0x0200beb0        0x0 g:/devkitpro/devkitarm/bin/../lib/gcc/arm-none-eabi/4.9.2/../../../../arm-none-eabi/lib/thumb\libg.a(lib_a-gdtoa-hexnan.o)
 .text          0x0200beb0        0x0 g:/devkitpro/devkitarm/bin/../lib/gcc/arm-none-eabi/4.9.2/../../../../arm-none-eabi/lib/thumb\libg.a(lib_a-getenv_r.o)
 .text          0x0200beb0        0x0 g:/devkitpro/devkitarm/bin/../lib/gcc/arm-none-eabi/4.9.2/../../../../arm-none-eabi/lib/thumb\libg.a(lib_a-mprec.o)
 .text          0x0200beb0        0x0 g:/devkitpro/devkitarm/bin/../lib/gcc/arm-none-eabi/4.9.2/../../../../arm-none-eabi/lib/thumb\libg.a(lib_a-s_frexp.o)
 .text          0x0200beb0        0x0 g:/devkitpro/devkitarm/bin/../lib/gcc/arm-none-eabi/4.9.2/../../../../arm-none-eabi/lib/thumb\libg.a(lib_a-callocr.o)
 .text          0x0200beb0        0x0 g:/devkitpro/devkitarm/bin/../lib/gcc/arm-none-eabi/4.9.2/../../../../arm-none-eabi/lib/thumb\libg.a(lib_a-environ.o)
 .text          0x0200beb0        0x0 g:/devkitpro/devkitarm/bin/../lib/gcc/arm-none-eabi/4.9.2/../../../../arm-none-eabi/lib/thumb\libg.a(lib_a-envlock.o)
 .text          0x0200beb0      0x140 g:/devkitpro/devkitarm/bin/../lib/gcc/arm-none-eabi/4.9.2/../../../../arm-none-eabi/lib/thumb\libsysbase.a(iosupport.o)
                0x0200beb0                setDefaultDevice
                0x0200bec0                FindDevice
                0x0200bf30                RemoveDevice
                0x0200bf54                AddDevice
                0x0200bfd0                GetDeviceOpTab
 .text          0x0200bff0       0x54 g:/devkitpro/devkitarm/bin/../lib/gcc/arm-none-eabi/4.9.2/../../../../arm-none-eabi/lib/thumb\libsysbase.a(close.o)
                0x0200bff0                _close_r
 .text          0x0200c044       0x44 g:/devkitpro/devkitarm/bin/../lib/gcc/arm-none-eabi/4.9.2/../../../../arm-none-eabi/lib/thumb\libsysbase.a(fstat.o)
                0x0200c044                _fstat_r
 .text          0x0200c088       0x28 g:/devkitpro/devkitarm/bin/../lib/gcc/arm-none-eabi/4.9.2/../../../../arm-none-eabi/lib/thumb\libsysbase.a(gettod.o)
                0x0200c088                _gettimeofday_r
 .text          0x0200c0b0        0x4 g:/devkitpro/devkitarm/bin/../lib/gcc/arm-none-eabi/4.9.2/../../../../arm-none-eabi/lib/thumb\libsysbase.a(isatty.o)
                0x0200c0b0                _isatty_r
 .text          0x0200c0b4       0x48 g:/devkitpro/devkitarm/bin/../lib/gcc/arm-none-eabi/4.9.2/../../../../arm-none-eabi/lib/thumb\libsysbase.a(lseek.o)
                0x0200c0b4                _lseek_r
 .text          0x0200c0fc       0x48 g:/devkitpro/devkitarm/bin/../lib/gcc/arm-none-eabi/4.9.2/../../../../arm-none-eabi/lib/thumb\libsysbase.a(read.o)
                0x0200c0fc                _read_r
 .text          0x0200c144       0x54 g:/devkitpro/devkitarm/bin/../lib/gcc/arm-none-eabi/4.9.2/../../../../arm-none-eabi/lib/thumb\libsysbase.a(sbrk.o)
                0x0200c144                _sbrk_r
 .text          0x0200c198       0x48 g:/devkitpro/devkitarm/bin/../lib/gcc/arm-none-eabi/4.9.2/../../../../arm-none-eabi/lib/thumb\libsysbase.a(write.o)
                0x0200c198                _write_r
 .text          0x0200c1e0        0x0 g:/devkitpro/devkitarm/bin/../lib/gcc/arm-none-eabi/4.9.2/../../../../arm-none-eabi/lib/thumb\libsysbase.a(malloc_vars.o)
 .text          0x0200c1e0       0x50 g:/devkitpro/devkitarm/bin/../lib/gcc/arm-none-eabi/4.9.2/../../../../arm-none-eabi/lib/thumb\libsysbase.a(build_argv.o)
                0x0200c1e0                build_argv
 .text          0x0200c230        0x8 g:/devkitpro/devkitarm/bin/../lib/gcc/arm-none-eabi/4.9.2/../../../../arm-none-eabi/lib/thumb\libsysbase.a(flock.o)
                0x0200c230                __flockfile
                0x0200c234                __funlockfile
 .text          0x0200c238      0x104 g:/devkitpro/devkitarm/bin/../lib/gcc/arm-none-eabi/4.9.2/../../../../arm-none-eabi/lib/thumb\libsysbase.a(syscall_support.o)
                0x0200c238                __libc_lock_init
                0x0200c250                __libc_lock_acquire
                0x0200c268                __libc_lock_try_acquire
                0x0200c288                __libc_lock_release
                0x0200c2a0                __libc_lock_close
                0x0200c2b8                __libc_lock_init_recursive
                0x0200c2d0                __libc_lock_acquire_recursive
                0x0200c2e8                __libc_lock_try_acquire_recursive
                0x0200c308                __libc_lock_release_recursive
                0x0200c320                __libc_lock_close_recursive
 .text          0x0200c33c      0x1a4 g:/devkitpro/devkitarm/bin/../lib/gcc/arm-none-eabi/4.9.2/../../../../arm-none-eabi/lib/thumb\libsysbase.a(handle_manager.o)
                0x0200c33c                __free_handle
                0x0200c370                __release_handle
                0x0200c398                __alloc_handle
                0x0200c3dc                __get_handle
                0x0200c3f8                dup
                0x0200c450                dup2
 .text          0x0200c4e0       0x28 g:/devkitpro/devkitarm/bin/../lib/gcc/arm-none-eabi/4.9.2/../../../../arm-none-eabi/lib/thumb\libsysbase.a(getreent.o)
                0x0200c4e0                __getreent
 .text          0x0200c508      0x49c g:/devkitpro/devkitarm/bin/../lib/gcc/arm-none-eabi/4.9.2/thumb\libgcc.a(_arm_muldivdf3.o)
                0x0200c508                __aeabi_dmul
                0x0200c508                __muldf3
                0x0200c798                __divdf3
                0x0200c798                __aeabi_ddiv
 .text          0x0200c9a4      0x144 g:/devkitpro/devkitarm/bin/../lib/gcc/arm-none-eabi/4.9.2/thumb\libgcc.a(_arm_cmpdf2.o)
                0x0200c9a4                __gtdf2
                0x0200c9a4                __gedf2
                0x0200c9ac                __ltdf2
                0x0200c9ac                __ledf2
                0x0200c9b4                __nedf2
                0x0200c9b4                __eqdf2
                0x0200c9b4                __cmpdf2
                0x0200ca3c                __aeabi_cdrcmple
                0x0200ca58                __aeabi_cdcmpeq
                0x0200ca58                __aeabi_cdcmple
                0x0200ca70                __aeabi_dcmpeq
                0x0200ca88                __aeabi_dcmplt
                0x0200caa0                __aeabi_dcmple
                0x0200cab8                __aeabi_dcmpge
                0x0200cad0                __aeabi_dcmpgt
 .text          0x0200cae8       0x54 g:/devkitpro/devkitarm/bin/../lib/gcc/arm-none-eabi/4.9.2/thumb\libgcc.a(_arm_fixunsdfsi.o)
                0x0200cae8                __aeabi_d2uiz
                0x0200cae8                __fixunsdfsi
 .text          0x0200cb3c       0xa0 g:/devkitpro/devkitarm/bin/../lib/gcc/arm-none-eabi/4.9.2/thumb\libgcc.a(_arm_truncdfsf2.o)
                0x0200cb3c                __truncdfsf2
                0x0200cb3c                __aeabi_d2f
 .text          0x0200cbdc       0x3c g:/devkitpro/devkitarm/bin/../lib/gcc/arm-none-eabi/4.9.2/thumb\libgcc.a(_aeabi_uldivmod.o)
                0x0200cbdc                __aeabi_uldivmod
 .text          0x0200cc18       0x60 g:/devkitpro/devkitarm/bin/../lib/gcc/arm-none-eabi/4.9.2/thumb\libgcc.a(_muldi3.o)
                0x0200cc18                __muldi3
                0x0200cc18                __aeabi_lmul
 .text          0x0200cc78       0x74 g:/devkitpro/devkitarm/bin/../lib/gcc/arm-none-eabi/4.9.2/thumb\libgcc.a(bpabi.o)
                0x0200cc78                __gnu_ldivmod_helper
                0x0200ccb4                __gnu_uldivmod_helper
 .text          0x0200ccec      0x1f4 g:/devkitpro/devkitarm/bin/../lib/gcc/arm-none-eabi/4.9.2/thumb\libgcc.a(_divdi3.o)
                0x0200ccec                __divdi3
 .text          0x0200cee0      0x15c g:/devkitpro/devkitarm/bin/../lib/gcc/arm-none-eabi/4.9.2/thumb\libgcc.a(_udivdi3.o)
                0x0200cee0                __udivdi3
 .text          0x0200d03c       0x28 g:/devkitpro/devkitarm/bin/../lib/gcc/arm-none-eabi/4.9.2/thumb\libgcc.a(_clzdi2.o)
                0x0200d03c                __clzdi2
 .text          0x0200d064       0x48 g:/devkitpro/devkitarm/bin/../lib/gcc/arm-none-eabi/4.9.2/thumb\libgcc.a(_clzsi2.o)
                0x0200d064                __clzsi2
 .text          0x0200d0ac        0x0 g:/devkitpro/devkitarm/bin/../lib/gcc/arm-none-eabi/4.9.2/thumb/crtend.o
 .text          0x0200d0ac        0x0 g:/devkitpro/devkitarm/bin/../lib/gcc/arm-none-eabi/4.9.2/thumb/crtn.o
 *(.text.*)
 .text.startup  0x0200d0ac       0xd4 main.o
                0x0200d0ac                main
 .text.bsearch  0x0200d180       0x64 g:/devkitpro/devkitarm/bin/../lib/gcc/arm-none-eabi/4.9.2/../../../../arm-none-eabi/lib/thumb\libg.a(lib_a-bsearch.o)
                0x0200d180                bsearch
 .text.__errno  0x0200d1e4        0xc g:/devkitpro/devkitarm/bin/../lib/gcc/arm-none-eabi/4.9.2/../../../../arm-none-eabi/lib/thumb\libg.a(lib_a-errno.o)
                0x0200d1e4                __errno
 .text.__libc_init_array
                0x0200d1f0       0x58 g:/devkitpro/devkitarm/bin/../lib/gcc/arm-none-eabi/4.9.2/../../../../arm-none-eabi/lib/thumb\libg.a(lib_a-init.o)
                0x0200d1f0                __libc_init_array
 .text.iprintf  0x0200d248       0x24 g:/devkitpro/devkitarm/bin/../lib/gcc/arm-none-eabi/4.9.2/../../../../arm-none-eabi/lib/thumb\libg.a(lib_a-iprintf.o)
                0x0200d248                iprintf
 .text._iprintf_r
                0x0200d26c       0x1c g:/devkitpro/devkitarm/bin/../lib/gcc/arm-none-eabi/4.9.2/../../../../arm-none-eabi/lib/thumb\libg.a(lib_a-iprintf.o)
                0x0200d26c                _iprintf_r
 .text.malloc   0x0200d288       0x14 g:/devkitpro/devkitarm/bin/../lib/gcc/arm-none-eabi/4.9.2/../../../../arm-none-eabi/lib/thumb\libg.a(lib_a-malloc.o)
                0x0200d288                malloc
 .text.free     0x0200d29c       0x14 g:/devkitpro/devkitarm/bin/../lib/gcc/arm-none-eabi/4.9.2/../../../../arm-none-eabi/lib/thumb\libg.a(lib_a-malloc.o)
                0x0200d29c                free
 .text._malloc_r
                0x0200d2b0      0x54c g:/devkitpro/devkitarm/bin/../lib/gcc/arm-none-eabi/4.9.2/../../../../arm-none-eabi/lib/thumb\libg.a(lib_a-mallocr.o)
                0x0200d2b0                _malloc_r
 .text.memcpy   0x0200d7fc       0x84 g:/devkitpro/devkitarm/bin/../lib/gcc/arm-none-eabi/4.9.2/../../../../arm-none-eabi/lib/thumb\libg.a(lib_a-memcpy.o)
                0x0200d7fc                memcpy
 .text.memset   0x0200d880       0x98 g:/devkitpro/devkitarm/bin/../lib/gcc/arm-none-eabi/4.9.2/../../../../arm-none-eabi/lib/thumb\libg.a(lib_a-memset.o)
                0x0200d880                memset
 .text.__malloc_lock
                0x0200d918        0x4 g:/devkitpro/devkitarm/bin/../lib/gcc/arm-none-eabi/4.9.2/../../../../arm-none-eabi/lib/thumb\libg.a(lib_a-mlock.o)
                0x0200d918                __malloc_lock
 .text.__malloc_unlock
                0x0200d91c        0x4 g:/devkitpro/devkitarm/bin/../lib/gcc/arm-none-eabi/4.9.2/../../../../arm-none-eabi/lib/thumb\libg.a(lib_a-mlock.o)
                0x0200d91c                __malloc_unlock
 .text.srand    0x0200d920       0x18 g:/devkitpro/devkitarm/bin/../lib/gcc/arm-none-eabi/4.9.2/../../../../arm-none-eabi/lib/thumb\libg.a(lib_a-rand.o)
                0x0200d920                srand
 .text.rand     0x0200d938       0x38 g:/devkitpro/devkitarm/bin/../lib/gcc/arm-none-eabi/4.9.2/../../../../arm-none-eabi/lib/thumb\libg.a(lib_a-rand.o)
                0x0200d938                rand
 .text.realloc  0x0200d970       0x18 g:/devkitpro/devkitarm/bin/../lib/gcc/arm-none-eabi/4.9.2/../../../../arm-none-eabi/lib/thumb\libg.a(lib_a-realloc.o)
                0x0200d970                realloc
 .text._realloc_r
                0x0200d988      0x3dc g:/devkitpro/devkitarm/bin/../lib/gcc/arm-none-eabi/4.9.2/../../../../arm-none-eabi/lib/thumb\libg.a(lib_a-reallocr.o)
                0x0200d988                _realloc_r
 .text.scanf    0x0200dd64       0x24 g:/devkitpro/devkitarm/bin/../lib/gcc/arm-none-eabi/4.9.2/../../../../arm-none-eabi/lib/thumb\libg.a(lib_a-scanf.o)
                0x0200dd64                scanf
 .text._scanf_r
                0x0200dd88       0x1c g:/devkitpro/devkitarm/bin/../lib/gcc/arm-none-eabi/4.9.2/../../../../arm-none-eabi/lib/thumb\libg.a(lib_a-scanf.o)
                0x0200dd88                _scanf_r
 .text.setvbuf  0x0200dda4      0x154 g:/devkitpro/devkitarm/bin/../lib/gcc/arm-none-eabi/4.9.2/../../../../arm-none-eabi/lib/thumb\libg.a(lib_a-setvbuf.o)
                0x0200dda4                setvbuf
 .text.siscanf  0x0200def8       0x4c g:/devkitpro/devkitarm/bin/../lib/gcc/arm-none-eabi/4.9.2/../../../../arm-none-eabi/lib/thumb\libg.a(lib_a-siscanf.o)
                0x0200def8                siscanf
 .text._siscanf_r
                0x0200df44       0x50 g:/devkitpro/devkitarm/bin/../lib/gcc/arm-none-eabi/4.9.2/../../../../arm-none-eabi/lib/thumb\libg.a(lib_a-siscanf.o)
                0x0200df44                _siscanf_r
 .text.__sread  0x0200df94       0x2c g:/devkitpro/devkitarm/bin/../lib/gcc/arm-none-eabi/4.9.2/../../../../arm-none-eabi/lib/thumb\libg.a(lib_a-stdio.o)
                0x0200df94                __sread
 .text.__seofread
                0x0200dfc0        0x4 g:/devkitpro/devkitarm/bin/../lib/gcc/arm-none-eabi/4.9.2/../../../../arm-none-eabi/lib/thumb\libg.a(lib_a-stdio.o)
                0x0200dfc0                __seofread
 .text.__swrite
                0x0200dfc4       0x44 g:/devkitpro/devkitarm/bin/../lib/gcc/arm-none-eabi/4.9.2/../../../../arm-none-eabi/lib/thumb\libg.a(lib_a-stdio.o)
                0x0200dfc4                __swrite
 .text.__sseek  0x0200e008       0x30 g:/devkitpro/devkitarm/bin/../lib/gcc/arm-none-eabi/4.9.2/../../../../arm-none-eabi/lib/thumb\libg.a(lib_a-stdio.o)
                0x0200e008                __sseek
 .text.__sclose
                0x0200e038       0x10 g:/devkitpro/devkitarm/bin/../lib/gcc/arm-none-eabi/4.9.2/../../../../arm-none-eabi/lib/thumb\libg.a(lib_a-stdio.o)
                0x0200e038                __sclose
 .text.strcpy   0x0200e048       0x10 g:/devkitpro/devkitarm/bin/../lib/gcc/arm-none-eabi/4.9.2/../../../../arm-none-eabi/lib/thumb\libg.a(lib_a-strcpy.o)
                0x0200e048                strcpy
 .text.strlen   0x0200e058       0x6c g:/devkitpro/devkitarm/bin/../lib/gcc/arm-none-eabi/4.9.2/../../../../arm-none-eabi/lib/thumb\libg.a(lib_a-strlen.o)
                0x0200e058                strlen
 .text.strncpy  0x0200e0c4       0x7c g:/devkitpro/devkitarm/bin/../lib/gcc/arm-none-eabi/4.9.2/../../../../arm-none-eabi/lib/thumb\libg.a(lib_a-strncpy.o)
                0x0200e0c4                strncpy
 .text._sungetc_r
                0x0200e140       0x88 g:/devkitpro/devkitarm/bin/../lib/gcc/arm-none-eabi/4.9.2/../../../../arm-none-eabi/lib/thumb\libg.a(lib_a-svfiscanf.o)
                0x0200e140                _sungetc_r
 .text.__ssrefill_r
                0x0200e1c8       0x44 g:/devkitpro/devkitarm/bin/../lib/gcc/arm-none-eabi/4.9.2/../../../../arm-none-eabi/lib/thumb\libg.a(lib_a-svfiscanf.o)
                0x0200e1c8                __ssrefill_r
 .text._sfread_r
                0x0200e20c       0x8c g:/devkitpro/devkitarm/bin/../lib/gcc/arm-none-eabi/4.9.2/../../../../arm-none-eabi/lib/thumb\libg.a(lib_a-svfiscanf.o)
                0x0200e20c                _sfread_r
 .text.__ssvfiscanf_r
                0x0200e298     0x14b0 g:/devkitpro/devkitarm/bin/../lib/gcc/arm-none-eabi/4.9.2/../../../../arm-none-eabi/lib/thumb\libg.a(lib_a-svfiscanf.o)
                0x0200e298                __ssvfiscanf_r
 .text.time     0x0200f748       0x2c g:/devkitpro/devkitarm/bin/../lib/gcc/arm-none-eabi/4.9.2/../../../../arm-none-eabi/lib/thumb\libg.a(lib_a-time.o)
                0x0200f748                time
 .text.__submore
                0x0200f774       0x88 g:/devkitpro/devkitarm/bin/../lib/gcc/arm-none-eabi/4.9.2/../../../../arm-none-eabi/lib/thumb\libg.a(lib_a-ungetc.o)
                0x0200f774                __submore
 .text._ungetc_r
                0x0200f7fc      0x138 g:/devkitpro/devkitarm/bin/../lib/gcc/arm-none-eabi/4.9.2/../../../../arm-none-eabi/lib/thumb\libg.a(lib_a-ungetc.o)
                0x0200f7fc                _ungetc_r
 .text.ungetc   0x0200f934       0x18 g:/devkitpro/devkitarm/bin/../lib/gcc/arm-none-eabi/4.9.2/../../../../arm-none-eabi/lib/thumb\libg.a(lib_a-ungetc.o)
                0x0200f934                ungetc
 .text.get_arg  0x0200f94c      0x4a8 g:/devkitpro/devkitarm/bin/../lib/gcc/arm-none-eabi/4.9.2/../../../../arm-none-eabi/lib/thumb\libg.a(lib_a-vfiprintf.o)
 .text.__sprint_r.part.0
                0x0200fdf4       0x80 g:/devkitpro/devkitarm/bin/../lib/gcc/arm-none-eabi/4.9.2/../../../../arm-none-eabi/lib/thumb\libg.a(lib_a-vfiprintf.o)
 .text.__sprint_r
                0x0200fe74       0x18 g:/devkitpro/devkitarm/bin/../lib/gcc/arm-none-eabi/4.9.2/../../../../arm-none-eabi/lib/thumb\libg.a(lib_a-vfiprintf.o)
                0x0200fe74                __sprint_r
 .text._vfiprintf_r
                0x0200fe8c     0x1f58 g:/devkitpro/devkitarm/bin/../lib/gcc/arm-none-eabi/4.9.2/../../../../arm-none-eabi/lib/thumb\libg.a(lib_a-vfiprintf.o)
                0x0200fe8c                _vfiprintf_r
 .text.vfiprintf
                0x02011de4       0x1c g:/devkitpro/devkitarm/bin/../lib/gcc/arm-none-eabi/4.9.2/../../../../arm-none-eabi/lib/thumb\libg.a(lib_a-vfiprintf.o)
                0x02011de4                vfiprintf
 .text.__sbprintf
                0x02011e00       0x78 g:/devkitpro/devkitarm/bin/../lib/gcc/arm-none-eabi/4.9.2/../../../../arm-none-eabi/lib/thumb\libg.a(lib_a-vfiprintf.o)
 .text.__svfscanf_r
                0x02011e78     0x1bd0 g:/devkitpro/devkitarm/bin/../lib/gcc/arm-none-eabi/4.9.2/../../../../arm-none-eabi/lib/thumb\libg.a(lib_a-vfscanf.o)
                0x02011e78                __svfscanf_r
 .text.vfscanf  0x02013a48       0x2c g:/devkitpro/devkitarm/bin/../lib/gcc/arm-none-eabi/4.9.2/../../../../arm-none-eabi/lib/thumb\libg.a(lib_a-vfscanf.o)
                0x02013a48                vfscanf
 .text.__svfscanf
                0x02013a74       0x1c g:/devkitpro/devkitarm/bin/../lib/gcc/arm-none-eabi/4.9.2/../../../../arm-none-eabi/lib/thumb\libg.a(lib_a-vfscanf.o)
                0x02013a74                __svfscanf
 .text._vfscanf_r
                0x02013a90       0x2c g:/devkitpro/devkitarm/bin/../lib/gcc/arm-none-eabi/4.9.2/../../../../arm-none-eabi/lib/thumb\libg.a(lib_a-vfscanf.o)
                0x02013a90                _vfscanf_r
 .text._wcrtomb_r
                0x02013abc       0x6c g:/devkitpro/devkitarm/bin/../lib/gcc/arm-none-eabi/4.9.2/../../../../arm-none-eabi/lib/thumb\libg.a(lib_a-wcrtomb.o)
                0x02013abc                _wcrtomb_r
 .text.wcrtomb  0x02013b28       0x74 g:/devkitpro/devkitarm/bin/../lib/gcc/arm-none-eabi/4.9.2/../../../../arm-none-eabi/lib/thumb\libg.a(lib_a-wcrtomb.o)
                0x02013b28                wcrtomb
 .text._wcsrtombs_r
                0x02013b9c       0x18 g:/devkitpro/devkitarm/bin/../lib/gcc/arm-none-eabi/4.9.2/../../../../arm-none-eabi/lib/thumb\libg.a(lib_a-wcsrtombs.o)
                0x02013b9c                _wcsrtombs_r
 .text.wcsrtombs
                0x02013bb4       0x28 g:/devkitpro/devkitarm/bin/../lib/gcc/arm-none-eabi/4.9.2/../../../../arm-none-eabi/lib/thumb\libg.a(lib_a-wcsrtombs.o)
                0x02013bb4                wcsrtombs
 .text.__utf8_wctomb
                0x02013bdc       0xc0 g:/devkitpro/devkitarm/bin/../lib/gcc/arm-none-eabi/4.9.2/../../../../arm-none-eabi/lib/thumb\libg.a(lib_a-wctomb_r.o)
                0x02013bdc                __utf8_wctomb
 .text._wctomb_r
                0x02013c9c       0x3c g:/devkitpro/devkitarm/bin/../lib/gcc/arm-none-eabi/4.9.2/../../../../arm-none-eabi/lib/thumb\libg.a(lib_a-wctomb_r.o)
                0x02013c9c                _wctomb_r
 .text.__ascii_wctomb
                0x02013cd8       0x1c g:/devkitpro/devkitarm/bin/../lib/gcc/arm-none-eabi/4.9.2/../../../../arm-none-eabi/lib/thumb\libg.a(lib_a-wctomb_r.o)
                0x02013cd8                __ascii_wctomb
 .text.__sjis_wctomb
                0x02013cf4       0x80 g:/devkitpro/devkitarm/bin/../lib/gcc/arm-none-eabi/4.9.2/../../../../arm-none-eabi/lib/thumb\libg.a(lib_a-wctomb_r.o)
                0x02013cf4                __sjis_wctomb
 .text.__eucjp_wctomb
                0x02013d74       0x88 g:/devkitpro/devkitarm/bin/../lib/gcc/arm-none-eabi/4.9.2/../../../../arm-none-eabi/lib/thumb\libg.a(lib_a-wctomb_r.o)
                0x02013d74                __eucjp_wctomb
 .text.__jis_wctomb
                0x02013dfc       0x80 g:/devkitpro/devkitarm/bin/../lib/gcc/arm-none-eabi/4.9.2/../../../../arm-none-eabi/lib/thumb\libg.a(lib_a-wctomb_r.o)
                0x02013dfc                __jis_wctomb
 .text.__swsetup_r
                0x02013e7c       0xd0 g:/devkitpro/devkitarm/bin/../lib/gcc/arm-none-eabi/4.9.2/../../../../arm-none-eabi/lib/thumb\libg.a(lib_a-wsetup.o)
                0x02013e7c                __swsetup_r
 .text.__set_ctype
                0x02013f4c       0x10 g:/devkitpro/devkitarm/bin/../lib/gcc/arm-none-eabi/4.9.2/../../../../arm-none-eabi/lib/thumb\libg.a(lib_a-ctype_.o)
                0x02013f4c                __set_ctype
 .text.__sflush_r
                0x02013f5c      0x168 g:/devkitpro/devkitarm/bin/../lib/gcc/arm-none-eabi/4.9.2/../../../../arm-none-eabi/lib/thumb\libg.a(lib_a-fflush.o)
                0x02013f5c                __sflush_r
 .text._fflush_r
                0x020140c4       0x58 g:/devkitpro/devkitarm/bin/../lib/gcc/arm-none-eabi/4.9.2/../../../../arm-none-eabi/lib/thumb\libg.a(lib_a-fflush.o)
                0x020140c4                _fflush_r
 .text.fflush   0x0201411c       0x2c g:/devkitpro/devkitarm/bin/../lib/gcc/arm-none-eabi/4.9.2/../../../../arm-none-eabi/lib/thumb\libg.a(lib_a-fflush.o)
                0x0201411c                fflush
 .text._cleanup_r
                0x02014148       0x14 g:/devkitpro/devkitarm/bin/../lib/gcc/arm-none-eabi/4.9.2/../../../../arm-none-eabi/lib/thumb\libg.a(lib_a-findfp.o)
                0x02014148                _cleanup_r
 .text.__fp_lock
                0x0201415c       0x14 g:/devkitpro/devkitarm/bin/../lib/gcc/arm-none-eabi/4.9.2/../../../../arm-none-eabi/lib/thumb\libg.a(lib_a-findfp.o)
 .text.__fp_unlock
                0x02014170       0x14 g:/devkitpro/devkitarm/bin/../lib/gcc/arm-none-eabi/4.9.2/../../../../arm-none-eabi/lib/thumb\libg.a(lib_a-findfp.o)
 .text.__sinit.part.1
                0x02014184       0xfc g:/devkitpro/devkitarm/bin/../lib/gcc/arm-none-eabi/4.9.2/../../../../arm-none-eabi/lib/thumb\libg.a(lib_a-findfp.o)
 .text.__sfmoreglue
                0x02014280       0x34 g:/devkitpro/devkitarm/bin/../lib/gcc/arm-none-eabi/4.9.2/../../../../arm-none-eabi/lib/thumb\libg.a(lib_a-findfp.o)
                0x02014280                __sfmoreglue
 .text.__sfp    0x020142b4       0x94 g:/devkitpro/devkitarm/bin/../lib/gcc/arm-none-eabi/4.9.2/../../../../arm-none-eabi/lib/thumb\libg.a(lib_a-findfp.o)
                0x020142b4                __sfp
 .text._cleanup
                0x02014348       0x1c g:/devkitpro/devkitarm/bin/../lib/gcc/arm-none-eabi/4.9.2/../../../../arm-none-eabi/lib/thumb\libg.a(lib_a-findfp.o)
                0x02014348                _cleanup
 .text.__sinit  0x02014364       0x14 g:/devkitpro/devkitarm/bin/../lib/gcc/arm-none-eabi/4.9.2/../../../../arm-none-eabi/lib/thumb\libg.a(lib_a-findfp.o)
                0x02014364                __sinit
 .text.__sfp_lock_acquire
                0x02014378        0x4 g:/devkitpro/devkitarm/bin/../lib/gcc/arm-none-eabi/4.9.2/../../../../arm-none-eabi/lib/thumb\libg.a(lib_a-findfp.o)
                0x02014378                __sfp_lock_acquire
 .text.__sfp_lock_release
                0x0201437c        0x4 g:/devkitpro/devkitarm/bin/../lib/gcc/arm-none-eabi/4.9.2/../../../../arm-none-eabi/lib/thumb\libg.a(lib_a-findfp.o)
                0x0201437c                __sfp_lock_release
 .text.__sinit_lock_acquire
                0x02014380        0x4 g:/devkitpro/devkitarm/bin/../lib/gcc/arm-none-eabi/4.9.2/../../../../arm-none-eabi/lib/thumb\libg.a(lib_a-findfp.o)
                0x02014380                __sinit_lock_acquire
 .text.__sinit_lock_release
                0x02014384        0x4 g:/devkitpro/devkitarm/bin/../lib/gcc/arm-none-eabi/4.9.2/../../../../arm-none-eabi/lib/thumb\libg.a(lib_a-findfp.o)
                0x02014384                __sinit_lock_release
 .text.__fp_lock_all
                0x02014388       0x18 g:/devkitpro/devkitarm/bin/../lib/gcc/arm-none-eabi/4.9.2/../../../../arm-none-eabi/lib/thumb\libg.a(lib_a-findfp.o)
                0x02014388                __fp_lock_all
 .text.__fp_unlock_all
                0x020143a0       0x18 g:/devkitpro/devkitarm/bin/../lib/gcc/arm-none-eabi/4.9.2/../../../../arm-none-eabi/lib/thumb\libg.a(lib_a-findfp.o)
                0x020143a0                __fp_unlock_all
 .text.__fputwc
                0x020143b8       0xc0 g:/devkitpro/devkitarm/bin/../lib/gcc/arm-none-eabi/4.9.2/../../../../arm-none-eabi/lib/thumb\libg.a(lib_a-fputwc.o)
                0x020143b8                __fputwc
 .text._fputwc_r
                0x02014478       0x5c g:/devkitpro/devkitarm/bin/../lib/gcc/arm-none-eabi/4.9.2/../../../../arm-none-eabi/lib/thumb\libg.a(lib_a-fputwc.o)
                0x02014478                _fputwc_r
 .text.fputwc   0x020144d4       0x28 g:/devkitpro/devkitarm/bin/../lib/gcc/arm-none-eabi/4.9.2/../../../../arm-none-eabi/lib/thumb\libg.a(lib_a-fputwc.o)
                0x020144d4                fputwc
 .text._fread_r
                0x020144fc      0x1d0 g:/devkitpro/devkitarm/bin/../lib/gcc/arm-none-eabi/4.9.2/../../../../arm-none-eabi/lib/thumb\libg.a(lib_a-fread.o)
                0x020144fc                _fread_r
 .text.fread    0x020146cc       0x24 g:/devkitpro/devkitarm/bin/../lib/gcc/arm-none-eabi/4.9.2/../../../../arm-none-eabi/lib/thumb\libg.a(lib_a-fread.o)
                0x020146cc                fread
 .text._malloc_trim_r
                0x020146f0       0xa4 g:/devkitpro/devkitarm/bin/../lib/gcc/arm-none-eabi/4.9.2/../../../../arm-none-eabi/lib/thumb\libg.a(lib_a-freer.o)
                0x020146f0                _malloc_trim_r
 .text._free_r  0x02014794      0x1b0 g:/devkitpro/devkitarm/bin/../lib/gcc/arm-none-eabi/4.9.2/../../../../arm-none-eabi/lib/thumb\libg.a(lib_a-freer.o)
                0x02014794                _free_r
 .text.__sfvwrite_r
                0x02014944      0x340 g:/devkitpro/devkitarm/bin/../lib/gcc/arm-none-eabi/4.9.2/../../../../arm-none-eabi/lib/thumb\libg.a(lib_a-fvwrite.o)
                0x02014944                __sfvwrite_r
 .text._fwalk   0x02014c84       0x50 g:/devkitpro/devkitarm/bin/../lib/gcc/arm-none-eabi/4.9.2/../../../../arm-none-eabi/lib/thumb\libg.a(lib_a-fwalk.o)
                0x02014c84                _fwalk
 .text._fwalk_reent
                0x02014cd4       0x58 g:/devkitpro/devkitarm/bin/../lib/gcc/arm-none-eabi/4.9.2/../../../../arm-none-eabi/lib/thumb\libg.a(lib_a-fwalk.o)
                0x02014cd4                _fwalk_reent
 .text.iswspace
                0x02014d2c       0x78 g:/devkitpro/devkitarm/bin/../lib/gcc/arm-none-eabi/4.9.2/../../../../arm-none-eabi/lib/thumb\libg.a(lib_a-iswspace.o)
                0x02014d2c                iswspace
 .text.__jp2uc  0x02014da4      0x184 g:/devkitpro/devkitarm/bin/../lib/gcc/arm-none-eabi/4.9.2/../../../../arm-none-eabi/lib/thumb\libg.a(lib_a-jp2uc.o)
 .text._jp2uc   0x02014f28       0x64 g:/devkitpro/devkitarm/bin/../lib/gcc/arm-none-eabi/4.9.2/../../../../arm-none-eabi/lib/thumb\libg.a(lib_a-jp2uc.o)
                0x02014f28                _jp2uc
 .text.__get_locale_env
                0x02014f8c       0x58 g:/devkitpro/devkitarm/bin/../lib/gcc/arm-none-eabi/4.9.2/../../../../arm-none-eabi/lib/thumb\libg.a(lib_a-locale.o)
 .text.loadlocale
                0x02014fe4      0x620 g:/devkitpro/devkitarm/bin/../lib/gcc/arm-none-eabi/4.9.2/../../../../arm-none-eabi/lib/thumb\libg.a(lib_a-locale.o)
 .text.currentlocale
                0x02015604       0x64 g:/devkitpro/devkitarm/bin/../lib/gcc/arm-none-eabi/4.9.2/../../../../arm-none-eabi/lib/thumb\libg.a(lib_a-locale.o)
 .text._setlocale_r
                0x02015668      0x210 g:/devkitpro/devkitarm/bin/../lib/gcc/arm-none-eabi/4.9.2/../../../../arm-none-eabi/lib/thumb\libg.a(lib_a-locale.o)
                0x02015668                _setlocale_r
 .text.__locale_charset
                0x02015878        0x8 g:/devkitpro/devkitarm/bin/../lib/gcc/arm-none-eabi/4.9.2/../../../../arm-none-eabi/lib/thumb\libg.a(lib_a-locale.o)
                0x02015878                __locale_charset
 .text.__locale_mb_cur_max
                0x02015880        0xc g:/devkitpro/devkitarm/bin/../lib/gcc/arm-none-eabi/4.9.2/../../../../arm-none-eabi/lib/thumb\libg.a(lib_a-locale.o)
                0x02015880                __locale_mb_cur_max
 .text.__locale_msgcharset
                0x0201588c        0x8 g:/devkitpro/devkitarm/bin/../lib/gcc/arm-none-eabi/4.9.2/../../../../arm-none-eabi/lib/thumb\libg.a(lib_a-locale.o)
                0x0201588c                __locale_msgcharset
 .text.__locale_cjk_lang
                0x02015894        0xc g:/devkitpro/devkitarm/bin/../lib/gcc/arm-none-eabi/4.9.2/../../../../arm-none-eabi/lib/thumb\libg.a(lib_a-locale.o)
                0x02015894                __locale_cjk_lang
 .text._localeconv_r
                0x020158a0        0x8 g:/devkitpro/devkitarm/bin/../lib/gcc/arm-none-eabi/4.9.2/../../../../arm-none-eabi/lib/thumb\libg.a(lib_a-locale.o)
                0x020158a0                _localeconv_r
 .text.setlocale
                0x020158a8       0x18 g:/devkitpro/devkitarm/bin/../lib/gcc/arm-none-eabi/4.9.2/../../../../arm-none-eabi/lib/thumb\libg.a(lib_a-locale.o)
                0x020158a8                setlocale
 .text.localeconv
                0x020158c0       0x14 g:/devkitpro/devkitarm/bin/../lib/gcc/arm-none-eabi/4.9.2/../../../../arm-none-eabi/lib/thumb\libg.a(lib_a-locale.o)
                0x020158c0                localeconv
 .text.__smakebuf_r
                0x020158d4      0x100 g:/devkitpro/devkitarm/bin/../lib/gcc/arm-none-eabi/4.9.2/../../../../arm-none-eabi/lib/thumb\libg.a(lib_a-makebuf.o)
                0x020158d4                __smakebuf_r
 .text._mbrtowc_r
                0x020159d4       0x7c g:/devkitpro/devkitarm/bin/../lib/gcc/arm-none-eabi/4.9.2/../../../../arm-none-eabi/lib/thumb\libg.a(lib_a-mbrtowc.o)
                0x020159d4                _mbrtowc_r
 .text.mbrtowc  0x02015a50       0x80 g:/devkitpro/devkitarm/bin/../lib/gcc/arm-none-eabi/4.9.2/../../../../arm-none-eabi/lib/thumb\libg.a(lib_a-mbrtowc.o)
                0x02015a50                mbrtowc
 .text.__utf8_mbtowc
                0x02015ad0      0x2bc g:/devkitpro/devkitarm/bin/../lib/gcc/arm-none-eabi/4.9.2/../../../../arm-none-eabi/lib/thumb\libg.a(lib_a-mbtowc_r.o)
                0x02015ad0                __utf8_mbtowc
 .text._mbtowc_r
                0x02015d8c       0x40 g:/devkitpro/devkitarm/bin/../lib/gcc/arm-none-eabi/4.9.2/../../../../arm-none-eabi/lib/thumb\libg.a(lib_a-mbtowc_r.o)
                0x02015d8c                _mbtowc_r
 .text.__ascii_mbtowc
                0x02015dcc       0x2c g:/devkitpro/devkitarm/bin/../lib/gcc/arm-none-eabi/4.9.2/../../../../arm-none-eabi/lib/thumb\libg.a(lib_a-mbtowc_r.o)
                0x02015dcc                __ascii_mbtowc
 .text.__sjis_mbtowc
                0x02015df8       0xb4 g:/devkitpro/devkitarm/bin/../lib/gcc/arm-none-eabi/4.9.2/../../../../arm-none-eabi/lib/thumb\libg.a(lib_a-mbtowc_r.o)
                0x02015df8                __sjis_mbtowc
 .text.__eucjp_mbtowc
                0x02015eac       0xd0 g:/devkitpro/devkitarm/bin/../lib/gcc/arm-none-eabi/4.9.2/../../../../arm-none-eabi/lib/thumb\libg.a(lib_a-mbtowc_r.o)
                0x02015eac                __eucjp_mbtowc
 .text.__jis_mbtowc
                0x02015f7c      0x148 g:/devkitpro/devkitarm/bin/../lib/gcc/arm-none-eabi/4.9.2/../../../../arm-none-eabi/lib/thumb\libg.a(lib_a-mbtowc_r.o)
                0x02015f7c                __jis_mbtowc
 .text.memchr   0x020160c4       0x8c g:/devkitpro/devkitarm/bin/../lib/gcc/arm-none-eabi/4.9.2/../../../../arm-none-eabi/lib/thumb\libg.a(lib_a-memchr.o)
                0x020160c4                memchr
 .text.memmove  0x02016150       0x9c g:/devkitpro/devkitarm/bin/../lib/gcc/arm-none-eabi/4.9.2/../../../../arm-none-eabi/lib/thumb\libg.a(lib_a-memmove.o)
                0x02016150                memmove
 .text.lflush   0x020161ec       0x20 g:/devkitpro/devkitarm/bin/../lib/gcc/arm-none-eabi/4.9.2/../../../../arm-none-eabi/lib/thumb\libg.a(lib_a-refill.o)
 .text.__srefill_r
                0x0201620c      0x12c g:/devkitpro/devkitarm/bin/../lib/gcc/arm-none-eabi/4.9.2/../../../../arm-none-eabi/lib/thumb\libg.a(lib_a-refill.o)
                0x0201620c                __srefill_r
 .text.__sccl   0x02016338       0x7c g:/devkitpro/devkitarm/bin/../lib/gcc/arm-none-eabi/4.9.2/../../../../arm-none-eabi/lib/thumb\libg.a(lib_a-sccl.o)
                0x02016338                __sccl
 .text.nanf     0x020163b4        0x8 g:/devkitpro/devkitarm/bin/../lib/gcc/arm-none-eabi/4.9.2/../../../../arm-none-eabi/lib/thumb\libg.a(lib_a-sf_nan.o)
                0x020163b4                nanf
 .text.__fpclassifyd
                0x020163bc       0x5c g:/devkitpro/devkitarm/bin/../lib/gcc/arm-none-eabi/4.9.2/../../../../arm-none-eabi/lib/thumb\libg.a(lib_a-s_fpclassify.o)
                0x020163bc                __fpclassifyd
 .text._sprintf_r
                0x02016418       0x40 g:/devkitpro/devkitarm/bin/../lib/gcc/arm-none-eabi/4.9.2/../../../../arm-none-eabi/lib/thumb\libg.a(lib_a-sprintf.o)
                0x02016418                _sprintf_r
 .text.sprintf  0x02016458       0x48 g:/devkitpro/devkitarm/bin/../lib/gcc/arm-none-eabi/4.9.2/../../../../arm-none-eabi/lib/thumb\libg.a(lib_a-sprintf.o)
                0x02016458                sprintf
 .text.stpncpy  0x020164a0       0x8c g:/devkitpro/devkitarm/bin/../lib/gcc/arm-none-eabi/4.9.2/../../../../arm-none-eabi/lib/thumb\libg.a(lib_a-stpncpy.o)
                0x020164a0                stpncpy
 .text.strcasecmp
                0x0201652c       0x58 g:/devkitpro/devkitarm/bin/../lib/gcc/arm-none-eabi/4.9.2/../../../../arm-none-eabi/lib/thumb\libg.a(lib_a-strcasecmp.o)
                0x0201652c                strcasecmp
 .text.strcat   0x02016584       0x54 g:/devkitpro/devkitarm/bin/../lib/gcc/arm-none-eabi/4.9.2/../../../../arm-none-eabi/lib/thumb\libg.a(lib_a-strcat.o)
                0x02016584                strcat
 .text.strchr   0x020165d8       0xdc g:/devkitpro/devkitarm/bin/../lib/gcc/arm-none-eabi/4.9.2/../../../../arm-none-eabi/lib/thumb\libg.a(lib_a-strchr.o)
                0x020165d8                strchr
 .text.strlcpy  0x020166b4       0x4c g:/devkitpro/devkitarm/bin/../lib/gcc/arm-none-eabi/4.9.2/../../../../arm-none-eabi/lib/thumb\libg.a(lib_a-strlcpy.o)
                0x020166b4                strlcpy
 .text.strncasecmp
                0x02016700       0x5c g:/devkitpro/devkitarm/bin/../lib/gcc/arm-none-eabi/4.9.2/../../../../arm-none-eabi/lib/thumb\libg.a(lib_a-strncasecmp.o)
                0x02016700                strncasecmp
 .text.strncmp  0x0201675c       0x98 g:/devkitpro/devkitarm/bin/../lib/gcc/arm-none-eabi/4.9.2/../../../../arm-none-eabi/lib/thumb\libg.a(lib_a-strncmp.o)
                0x0201675c                strncmp
 .text.unlikely.sulp
                0x020167f4       0x34 g:/devkitpro/devkitarm/bin/../lib/gcc/arm-none-eabi/4.9.2/../../../../arm-none-eabi/lib/thumb\libg.a(lib_a-strtod.o)
 .text._strtod_r
                0x02016828      0xf58 g:/devkitpro/devkitarm/bin/../lib/gcc/arm-none-eabi/4.9.2/../../../../arm-none-eabi/lib/thumb\libg.a(lib_a-strtod.o)
                0x02016828                _strtod_r
 .text.strtod   0x02017780       0x18 g:/devkitpro/devkitarm/bin/../lib/gcc/arm-none-eabi/4.9.2/../../../../arm-none-eabi/lib/thumb\libg.a(lib_a-strtod.o)
                0x02017780                strtod
 .text.strtof   0x02017798       0x34 g:/devkitpro/devkitarm/bin/../lib/gcc/arm-none-eabi/4.9.2/../../../../arm-none-eabi/lib/thumb\libg.a(lib_a-strtod.o)
                0x02017798                strtof
 *fill*         0x020177cc        0x4 ff
 .text._strtoll_r
                0x020177d0      0x228 g:/devkitpro/devkitarm/bin/../lib/gcc/arm-none-eabi/4.9.2/../../../../arm-none-eabi/lib/thumb\libg.a(lib_a-strtoll_r.o)
                0x020177d0                _strtoll_r
 .text._strtol_r
                0x020179f8      0x15c g:/devkitpro/devkitarm/bin/../lib/gcc/arm-none-eabi/4.9.2/../../../../arm-none-eabi/lib/thumb\libg.a(lib_a-strtol.o)
                0x020179f8                _strtol_r
 .text.strtol   0x02017b54       0x1c g:/devkitpro/devkitarm/bin/../lib/gcc/arm-none-eabi/4.9.2/../../../../arm-none-eabi/lib/thumb\libg.a(lib_a-strtol.o)
                0x02017b54                strtol
 .text._strtoull_r
                0x02017b70      0x20c g:/devkitpro/devkitarm/bin/../lib/gcc/arm-none-eabi/4.9.2/../../../../arm-none-eabi/lib/thumb\libg.a(lib_a-strtoull_r.o)
                0x02017b70                _strtoull_r
 .text._strtoul_r
                0x02017d7c      0x178 g:/devkitpro/devkitarm/bin/../lib/gcc/arm-none-eabi/4.9.2/../../../../arm-none-eabi/lib/thumb\libg.a(lib_a-strtoul.o)
                0x02017d7c                _strtoul_r
 .text.strtoul  0x02017ef4       0x1c g:/devkitpro/devkitarm/bin/../lib/gcc/arm-none-eabi/4.9.2/../../../../arm-none-eabi/lib/thumb\libg.a(lib_a-strtoul.o)
                0x02017ef4                strtoul
 .text.get_arg  0x02017f10      0x4a8 g:/devkitpro/devkitarm/bin/../lib/gcc/arm-none-eabi/4.9.2/../../../../arm-none-eabi/lib/thumb\libg.a(lib_a-svfiprintf.o)
 .text.__ssprint_r
                0x020183b8      0x134 g:/devkitpro/devkitarm/bin/../lib/gcc/arm-none-eabi/4.9.2/../../../../arm-none-eabi/lib/thumb\libg.a(lib_a-svfiprintf.o)
                0x020183b8                __ssprint_r
 .text._svfiprintf_r
                0x020184ec     0x1d80 g:/devkitpro/devkitarm/bin/../lib/gcc/arm-none-eabi/4.9.2/../../../../arm-none-eabi/lib/thumb\libg.a(lib_a-svfiprintf.o)
                0x020184ec                _svfiprintf_r
 .text.get_arg  0x0201a26c      0x4a8 g:/devkitpro/devkitarm/bin/../lib/gcc/arm-none-eabi/4.9.2/../../../../arm-none-eabi/lib/thumb\libg.a(lib_a-svfprintf.o)
 *fill*         0x0201a714        0x4 ff
 .text._svfprintf_r
                0x0201a718     0x2e50 g:/devkitpro/devkitarm/bin/../lib/gcc/arm-none-eabi/4.9.2/../../../../arm-none-eabi/lib/thumb\libg.a(lib_a-svfprintf.o)
                0x0201a718                _svfprintf_r
 .text.__swbuf_r
                0x0201d568       0xb8 g:/devkitpro/devkitarm/bin/../lib/gcc/arm-none-eabi/4.9.2/../../../../arm-none-eabi/lib/thumb\libg.a(lib_a-wbuf.o)
                0x0201d568                __swbuf_r
 .text.__swbuf  0x0201d620       0x18 g:/devkitpro/devkitarm/bin/../lib/gcc/arm-none-eabi/4.9.2/../../../../arm-none-eabi/lib/thumb\libg.a(lib_a-wbuf.o)
                0x0201d620                __swbuf
 .text._wcsnrtombs_r
                0x0201d638      0x110 g:/devkitpro/devkitarm/bin/../lib/gcc/arm-none-eabi/4.9.2/../../../../arm-none-eabi/lib/thumb\libg.a(lib_a-wcsnrtombs.o)
                0x0201d638                _wcsnrtombs_r
 .text.wcsnrtombs
                0x0201d748       0x28 g:/devkitpro/devkitarm/bin/../lib/gcc/arm-none-eabi/4.9.2/../../../../arm-none-eabi/lib/thumb\libg.a(lib_a-wcsnrtombs.o)
                0x0201d748                wcsnrtombs
 .text.quorem   0x0201d770      0x160 g:/devkitpro/devkitarm/bin/../lib/gcc/arm-none-eabi/4.9.2/../../../../arm-none-eabi/lib/thumb\libg.a(lib_a-dtoa.o)
 .text._dtoa_r  0x0201d8d0     0x1098 g:/devkitpro/devkitarm/bin/../lib/gcc/arm-none-eabi/4.9.2/../../../../arm-none-eabi/lib/thumb\libg.a(lib_a-dtoa.o)
                0x0201d8d0                _dtoa_r
 .text._fclose_r
                0x0201e968       0xac g:/devkitpro/devkitarm/bin/../lib/gcc/arm-none-eabi/4.9.2/../../../../arm-none-eabi/lib/thumb\libg.a(lib_a-fclose.o)
                0x0201e968                _fclose_r
 .text.fclose   0x0201ea14       0x14 g:/devkitpro/devkitarm/bin/../lib/gcc/arm-none-eabi/4.9.2/../../../../arm-none-eabi/lib/thumb\libg.a(lib_a-fclose.o)
                0x0201ea14                fclose
 .text.rshift   0x0201ea28       0xa8 g:/devkitpro/devkitarm/bin/../lib/gcc/arm-none-eabi/4.9.2/../../../../arm-none-eabi/lib/thumb\libg.a(lib_a-gdtoa-gethex.o)
 .text.__gethex
                0x0201ead0      0x52c g:/devkitpro/devkitarm/bin/../lib/gcc/arm-none-eabi/4.9.2/../../../../arm-none-eabi/lib/thumb\libg.a(lib_a-gdtoa-gethex.o)
                0x0201ead0                __gethex
 .text.__hexnan
                0x0201effc      0x1e0 g:/devkitpro/devkitarm/bin/../lib/gcc/arm-none-eabi/4.9.2/../../../../arm-none-eabi/lib/thumb\libg.a(lib_a-gdtoa-hexnan.o)
                0x0201effc                __hexnan
 .text._findenv_r
                0x0201f1dc       0x98 g:/devkitpro/devkitarm/bin/../lib/gcc/arm-none-eabi/4.9.2/../../../../arm-none-eabi/lib/thumb\libg.a(lib_a-getenv_r.o)
                0x0201f1dc                _findenv_r
 .text._getenv_r
                0x0201f274       0x10 g:/devkitpro/devkitarm/bin/../lib/gcc/arm-none-eabi/4.9.2/../../../../arm-none-eabi/lib/thumb\libg.a(lib_a-getenv_r.o)
                0x0201f274                _getenv_r
 .text._Balloc  0x0201f284       0x54 g:/devkitpro/devkitarm/bin/../lib/gcc/arm-none-eabi/4.9.2/../../../../arm-none-eabi/lib/thumb\libg.a(lib_a-mprec.o)
                0x0201f284                _Balloc
 .text._Bfree   0x0201f2d8       0x14 g:/devkitpro/devkitarm/bin/../lib/gcc/arm-none-eabi/4.9.2/../../../../arm-none-eabi/lib/thumb\libg.a(lib_a-mprec.o)
                0x0201f2d8                _Bfree
 .text.__multadd
                0x0201f2ec       0x9c g:/devkitpro/devkitarm/bin/../lib/gcc/arm-none-eabi/4.9.2/../../../../arm-none-eabi/lib/thumb\libg.a(lib_a-mprec.o)
                0x0201f2ec                __multadd
 .text.__s2b    0x0201f388       0x9c g:/devkitpro/devkitarm/bin/../lib/gcc/arm-none-eabi/4.9.2/../../../../arm-none-eabi/lib/thumb\libg.a(lib_a-mprec.o)
                0x0201f388                __s2b
 .text.__hi0bits
                0x0201f424       0x3c g:/devkitpro/devkitarm/bin/../lib/gcc/arm-none-eabi/4.9.2/../../../../arm-none-eabi/lib/thumb\libg.a(lib_a-mprec.o)
                0x0201f424                __hi0bits
 .text.__lo0bits
                0x0201f460       0x5c g:/devkitpro/devkitarm/bin/../lib/gcc/arm-none-eabi/4.9.2/../../../../arm-none-eabi/lib/thumb\libg.a(lib_a-mprec.o)
                0x0201f460                __lo0bits
 .text.__i2b    0x0201f4bc       0x18 g:/devkitpro/devkitarm/bin/../lib/gcc/arm-none-eabi/4.9.2/../../../../arm-none-eabi/lib/thumb\libg.a(lib_a-mprec.o)
                0x0201f4bc                __i2b
 .text.__multiply
                0x0201f4d4      0x168 g:/devkitpro/devkitarm/bin/../lib/gcc/arm-none-eabi/4.9.2/../../../../arm-none-eabi/lib/thumb\libg.a(lib_a-mprec.o)
                0x0201f4d4                __multiply
 .text.__pow5mult
                0x0201f63c       0xc0 g:/devkitpro/devkitarm/bin/../lib/gcc/arm-none-eabi/4.9.2/../../../../arm-none-eabi/lib/thumb\libg.a(lib_a-mprec.o)
                0x0201f63c                __pow5mult
 .text.__lshift
                0x0201f6fc       0xd0 g:/devkitpro/devkitarm/bin/../lib/gcc/arm-none-eabi/4.9.2/../../../../arm-none-eabi/lib/thumb\libg.a(lib_a-mprec.o)
                0x0201f6fc                __lshift
 .text.__mcmp   0x0201f7cc       0x3c g:/devkitpro/devkitarm/bin/../lib/gcc/arm-none-eabi/4.9.2/../../../../arm-none-eabi/lib/thumb\libg.a(lib_a-mprec.o)
                0x0201f7cc                __mcmp
 .text.__mdiff  0x0201f808       0xec g:/devkitpro/devkitarm/bin/../lib/gcc/arm-none-eabi/4.9.2/../../../../arm-none-eabi/lib/thumb\libg.a(lib_a-mprec.o)
                0x0201f808                __mdiff
 .text.__ulp    0x0201f8f4       0x50 g:/devkitpro/devkitarm/bin/../lib/gcc/arm-none-eabi/4.9.2/../../../../arm-none-eabi/lib/thumb\libg.a(lib_a-mprec.o)
                0x0201f8f4                __ulp
 .text.__b2d    0x0201f944       0xe0 g:/devkitpro/devkitarm/bin/../lib/gcc/arm-none-eabi/4.9.2/../../../../arm-none-eabi/lib/thumb\libg.a(lib_a-mprec.o)
                0x0201f944                __b2d
 .text.__d2b    0x0201fa24       0xc0 g:/devkitpro/devkitarm/bin/../lib/gcc/arm-none-eabi/4.9.2/../../../../arm-none-eabi/lib/thumb\libg.a(lib_a-mprec.o)
                0x0201fa24                __d2b
 .text.__ratio  0x0201fae4       0x74 g:/devkitpro/devkitarm/bin/../lib/gcc/arm-none-eabi/4.9.2/../../../../arm-none-eabi/lib/thumb\libg.a(lib_a-mprec.o)
                0x0201fae4                __ratio
 .text._mprec_log10
                0x0201fb58       0x48 g:/devkitpro/devkitarm/bin/../lib/gcc/arm-none-eabi/4.9.2/../../../../arm-none-eabi/lib/thumb\libg.a(lib_a-mprec.o)
                0x0201fb58                _mprec_log10
 .text.__copybits
                0x0201fba0       0x44 g:/devkitpro/devkitarm/bin/../lib/gcc/arm-none-eabi/4.9.2/../../../../arm-none-eabi/lib/thumb\libg.a(lib_a-mprec.o)
                0x0201fba0                __copybits
 .text.__any_on
                0x0201fbe4       0x64 g:/devkitpro/devkitarm/bin/../lib/gcc/arm-none-eabi/4.9.2/../../../../arm-none-eabi/lib/thumb\libg.a(lib_a-mprec.o)
                0x0201fbe4                __any_on
 .text.frexp    0x0201fc48       0x80 g:/devkitpro/devkitarm/bin/../lib/gcc/arm-none-eabi/4.9.2/../../../../arm-none-eabi/lib/thumb\libg.a(lib_a-s_frexp.o)
                0x0201fc48                frexp
 .text._calloc_r
                0x0201fcc8       0x64 g:/devkitpro/devkitarm/bin/../lib/gcc/arm-none-eabi/4.9.2/../../../../arm-none-eabi/lib/thumb\libg.a(lib_a-callocr.o)
                0x0201fcc8                _calloc_r
 .text.__env_lock
                0x0201fd2c        0x4 g:/devkitpro/devkitarm/bin/../lib/gcc/arm-none-eabi/4.9.2/../../../../arm-none-eabi/lib/thumb\libg.a(lib_a-envlock.o)
                0x0201fd2c                __env_lock
 .text.__env_unlock
                0x0201fd30        0x4 g:/devkitpro/devkitarm/bin/../lib/gcc/arm-none-eabi/4.9.2/../../../../arm-none-eabi/lib/thumb\libg.a(lib_a-envlock.o)
                0x0201fd30                __env_unlock
 *fill*         0x0201fd34        0x4 ff
 .text.__env_unlock.__stub
                0x0201fd38      0x108 linker stubs
 *(.stub)
 *(.gnu.warning)
 *(.gnu.linkonce.t*)
 *(.glue_7)
 .glue_7        0x0201fe50        0x0 linker stubs
 *(.glue_7t)
 .glue_7t       0x0201fe50        0x0 linker stubs
                0x0201fe50                . = ALIGN (0x4)

.vfp11_veneer   0x0201fe50        0x0
 .vfp11_veneer  0x0201fe50        0x0 linker stubs

.v4_bx          0x0201fe50        0x0
 .v4_bx         0x0201fe50        0x0 linker stubs

.iplt           0x0201fe50        0x0
 .iplt          0x0201fe50        0x0 g:/devkitpro/devkitarm/bin/../lib/gcc/arm-none-eabi/4.9.2/../../../../arm-none-eabi/lib/thumb/ds_arm9_crt0.o

.fini           0x0201fe50        0xc
 *(.fini)
 .fini          0x0201fe50        0x4 g:/devkitpro/devkitarm/bin/../lib/gcc/arm-none-eabi/4.9.2/thumb/crti.o
                0x0201fe50                _fini
 .fini          0x0201fe54        0x8 g:/devkitpro/devkitarm/bin/../lib/gcc/arm-none-eabi/4.9.2/thumb/crtn.o
                0x0201fe5c                __text_end = .

.rodata         0x0201fe60    0x7f088
 *(.rodata)
 .rodata        0x0201fe60     0x8528 Menu_screen.o
                0x0201fe60                Menu_screenBitmap
 .rodata        0x02028388     0x9e50 Menu_screen_sub.o
                0x02028388                Menu_screen_subBitmap
 .rodata        0x020321d8     0x84c0 Menu_screen_two.o
                0x020321d8                Menu_screen_twoBitmap
 .rodata        0x0203a698     0xa64c basketball_main.o
                0x0203a698                basketball_mainBitmap
 .rodata        0x02044ce4     0x7988 basketball_sub.o
                0x02044ce4                basketball_subBitmap
 .rodata        0x0204c66c     0x8ae4 coulours_main.o
                0x0204c66c                coulours_mainBitmap
 .rodata        0x02055150     0x74d4 coulours_sub.o
                0x02055150                coulours_subBitmap
 .rodata        0x0205c624     0x75c4 football_main.o
                0x0205c624                football_mainBitmap
 .rodata        0x02063be8     0x7588 football_sub.o
                0x02063be8                football_subBitmap
 .rodata        0x0206b170     0x6a54 help_basketball.o
                0x0206b170                help_basketballBitmap
 .rodata        0x02071bc4     0x8318 help_colors.o
                0x02071bc4                help_colorsBitmap
 .rodata        0x02079edc     0x6bd4 help_football.o
                0x02079edc                help_footballBitmap
 .rodata        0x02080ab0     0x74b4 help_rating.o
                0x02080ab0                help_ratingBitmap
 .rodata        0x02087f64       0x38 basketball.o
 .rodata        0x02087f9c     0x4200 Coulours_Sprites.o
                0x02087f9c                Coulours_SpritesTiles
                0x0208bf9c                Coulours_SpritesPal
 .rodata        0x0208c19c     0x2200 Sprites.o
                0x0208c19c                SpritesTiles
                0x0208e19c                SpritesPal
 .rodata        0x0208e39c     0x2200 football_sprites.o
                0x0208e39c                football_spritesTiles
                0x0209039c                football_spritesPal
 .rodata        0x0209059c     0x4200 menu_sprites.o
                0x0209059c                menu_spritesTiles
                0x0209459c                menu_spritesPal
 .rodata        0x0209479c       0x68 g:/devkitPro/libnds/lib\libnds9.a(keyboard.o)
                0x0209479c                std_in
 .rodata        0x02094804      0x308 g:/devkitPro/libnds/lib\libnds9.a(trig.o)
                0x02094804                SIN_LUT
                0x02094908                TAN_LUT
 .rodata        0x02094b0c       0x14 g:/devkitPro/libnds/lib\libnds9.a(decompress.o)
 .rodata        0x02094b20      0x20c g:/devkitPro/libnds/lib\libnds9.a(console.o)
 .rodata        0x02094d2c     0x2004 g:/devkitPro/libnds/lib\libnds9.a(default_font.bin.o)
                0x02094d2c                default_font_bin
                0x02096d2c                default_font_bin_size
                0x02096d2c                default_font_bin_end
 .rodata        0x02096d30     0x2d0c g:/devkitPro/libnds/lib\libnds9.a(keyboardGfx.o)
                0x02096d30                keyboardGfxTiles
                0x0209901c                keyboardGfxMap
                0x02099a1c                keyboardGfxPal
 .rodata        0x02099a3c       0x68 g:/devkitpro/devkitarm/bin/../lib/gcc/arm-none-eabi/4.9.2/../../../../arm-none-eabi/lib/thumb\libsysbase.a(iosupport.o)
                0x02099a3c                dotab_stdnull
 *all.rodata*(*)
 *(.roda)
 *(.rodata.*)
 .rodata.str1.4
                0x02099aa4      0x281 rating.o
                                0x284 (size before relaxing)
 .rodata.str1.1
                0x02099d25       0xad g:/devkitPro/libnds/lib\libdswifi9.a(wifi_arm9.o)
 .rodata.str1.1
                0x02099dd2       0x14 g:/devkitPro/libnds/lib\libdswifi9.a(sgIP_DHCP.o)
 *fill*         0x02099de6        0x2 ff
 .rodata.str1.4
                0x02099de8        0x6 g:/devkitPro/libnds/lib\libnds9.a(keyboard.o)
                                  0x8 (size before relaxing)
 *fill*         0x02099dee        0x2 ff
 .rodata.str1.4
                0x02099df0       0x4c g:/devkitPro/libnds/lib\libnds9.a(console.o)
 .rodata.__ssvfiscanf_r
                0x02099e3c      0x324 g:/devkitpro/devkitarm/bin/../lib/gcc/arm-none-eabi/4.9.2/../../../../arm-none-eabi/lib/thumb\libg.a(lib_a-svfiscanf.o)
 .rodata.basefix.6409
                0x0209a160       0x24 g:/devkitpro/devkitarm/bin/../lib/gcc/arm-none-eabi/4.9.2/../../../../arm-none-eabi/lib/thumb\libg.a(lib_a-svfiscanf.o)
 .rodata.get_arg
                0x0209a184      0x1f8 g:/devkitpro/devkitarm/bin/../lib/gcc/arm-none-eabi/4.9.2/../../../../arm-none-eabi/lib/thumb\libg.a(lib_a-vfiprintf.o)
 .rodata._vfiprintf_r
                0x0209a37c      0x16c g:/devkitpro/devkitarm/bin/../lib/gcc/arm-none-eabi/4.9.2/../../../../arm-none-eabi/lib/thumb\libg.a(lib_a-vfiprintf.o)
 .rodata.zeroes.7030
                0x0209a4e8       0x10 g:/devkitpro/devkitarm/bin/../lib/gcc/arm-none-eabi/4.9.2/../../../../arm-none-eabi/lib/thumb\libg.a(lib_a-vfiprintf.o)
 .rodata.str1.4
                0x0209a4f8       0x2f g:/devkitpro/devkitarm/bin/../lib/gcc/arm-none-eabi/4.9.2/../../../../arm-none-eabi/lib/thumb\libg.a(lib_a-vfiprintf.o)
                                 0x30 (size before relaxing)
 *fill*         0x0209a527        0x1 ff
 .rodata.blanks.7029
                0x0209a528       0x10 g:/devkitpro/devkitarm/bin/../lib/gcc/arm-none-eabi/4.9.2/../../../../arm-none-eabi/lib/thumb\libg.a(lib_a-vfiprintf.o)
 .rodata.__svfscanf_r
                0x0209a538      0x460 g:/devkitpro/devkitarm/bin/../lib/gcc/arm-none-eabi/4.9.2/../../../../arm-none-eabi/lib/thumb\libg.a(lib_a-vfscanf.o)
 .rodata.basefix.6977